
  ___  ____  ____  ____  ____ ®
 /__    /   ____/   /   ____/      StataNow 18.5
___/   /   /___/   /   /___/       MP—Parallel Edition

 Statistics and Data Science       Copyright 1985-2023 StataCorp LLC
                                   StataCorp
                                   4905 Lakeway Drive
                                   College Station, Texas 77845 USA
                                   800-782-8272        https://www.stata.com
                                   979-696-4600        service@stata.com

Stata license: Unlimited-user 16-core network, expiring  2 Jul 2026
Serial number: 501909320077
  Licensed to: Michael Droste
               Stanford University GSB

Notes:
      1. Stata is running in batch mode.
      2. Unicode is supported; see help unicode_advice.
      3. More than 2 billion observations are allowed; see help obs_advice.
      4. Maximum number of variables is set to 5,000 but can be increased;
          see help set_maxvar.


Running /Users/Mike/Documents/Stata/profile.do ...

. do test_bandwidth.do 

. clear all

. set more off

. sysuse auto, clear
(1978 automobile data)

. drop if missing(price, mpg, weight, rep78)
(5 observations deleted)

. 
. qreg price mpg weight, quantile(0.5)

Iteration 1:  WLS sum of weighted deviations =  63341.574

Iteration 1:  Sum of abs. weighted deviations =  63536.156
Iteration 2:  Sum of abs. weighted deviations =  58812.858
Iteration 3:  Sum of abs. weighted deviations =  58491.205
Iteration 4:  Sum of abs. weighted deviations =  58480.736
Iteration 5:  Sum of abs. weighted deviations =  58477.095
Iteration 6:  Sum of abs. weighted deviations =  58466.957

Median regression                                   Number of obs =         69
  Raw sum of deviations    65163 (about 5079)
  Min sum of deviations 58466.96                    Pseudo R2     =     0.1028

------------------------------------------------------------------------------
       price | Coefficient  Std. err.      t    P>|t|     [95% conf. interval]
-------------+----------------------------------------------------------------
         mpg |  -64.08696   121.1752    -0.53   0.599    -306.0211    177.8472
      weight |   .5782609    .896591     0.64   0.521    -1.211841    2.368363
       _cons |       4812   5051.627     0.95   0.344    -5273.898     14897.9
------------------------------------------------------------------------------

. predict double resid, resid

. 
. local N = 69

. local q = 0.5

. local alpha = 0.05

. local z_alpha = invnormal(1 - `alpha'/2)

. local z_q = invnormal(`q')

. local phi_zq = normalden(`z_q')

. 
. * Hall-Sheather bandwidth
. local h_hs = `N'^(-1/3) * `z_alpha'^(2/3) * ((1.5 * `phi_zq'^2) / (2*`z_q'^2 
> + 1))^(1/3)

. 
. * Bofinger bandwidth
. local h_bof = ((9/2) * `phi_zq'^4 * (2*`z_q'^2 + 1)^2 / `N')^(1/5)

. 
. * Chamberlain bandwidth
. local h_cham = `z_alpha' * sqrt(`q' * (1 - `q') / `N') / `phi_zq'

. 
. display "=== BANDWIDTH METHODS ==="
=== BANDWIDTH METHODS ===

. display "Hall-Sheather h: " %12.8f `h_hs'
Hall-Sheather h:   0.23687515

. display "Bofinger h:      " %12.8f `h_bof'
Bofinger h:        0.27771590

. display "Chamberlain h:   " %12.8f `h_cham'
Chamberlain h:     0.29572190

. 
. * Test with each bandwidth
. foreach bw in hs bof cham {
  2.     local h = `h_`bw''
  3.     
.     local q_lo = `q' - `h'
  4.     local q_hi = `q' + `h'
  5.     if `q_lo' < 0 local q_lo = 0
  6.     if `q_hi' > 1 local q_hi = 1
  7.     
.     _pctile resid, percentile(`=`q_lo'*100' `=`q_hi'*100')
  8.     local r_lo = r(r1)
  9.     local r_hi = r(r2)
 10.     
.     local sparsity = (`r_hi' - `r_lo') / (`q_hi' - `q_lo')
 11.     display "`bw' sparsity: " %12.4f `sparsity'
 12. }
hs sparsity:    4733.0933
bof sparsity:    5045.6632
cham sparsity:    5581.2573

. 
. * The implied qreg sparsity
. gen cons = 1

. mkmat mpg weight cons, matrix(X)

. matrix XtX = X' * X

. matrix XtX_inv = syminv(XtX)

. local v11 = e(V)[1,1]

. local implied_s = sqrt(`v11' / (0.25 * XtX_inv[1,1]))

. display _n "qreg implied sparsity: " %12.4f `implied_s'

qreg implied sparsity:    6947.1948

. 
. * Check what residual quantile Stata is using 
. * The quantile at median should be 0
. _pctile resid, percentile(50)

. display _n "Median residual: " %12.4f r(r1)

Median residual:       0.0000

. 
. * Check IQR-based scaling
. _pctile resid, percentile(25 50 75)

. local iqr = r(r3) - r(r1)

. display "IQR of residuals: " %12.4f `iqr'
IQR of residuals:    2348.0000

. 
. * Stata's fitted density at median - let's use kdensity
. kdensity resid, at(0) generate(resid_den) n(1)
0 invalid name
(error in option at())
r(198);

end of do-file
r(198);
