
  ___  ____  ____  ____  ____ ®
 /__    /   ____/   /   ____/      StataNow 18.5
___/   /   /___/   /   /___/       MP—Parallel Edition

 Statistics and Data Science       Copyright 1985-2023 StataCorp LLC
                                   StataCorp
                                   4905 Lakeway Drive
                                   College Station, Texas 77845 USA
                                   800-782-8272        https://www.stata.com
                                   979-696-4600        service@stata.com

Stata license: Unlimited-user 16-core network, expiring  2 Jul 2026
Serial number: 501909320077
  Licensed to: Michael Droste
               Stanford University GSB

Notes:
      1. Stata is running in batch mode.
      2. Unicode is supported; see help unicode_advice.
      3. More than 2 billion observations are allowed; see help obs_advice.
      4. Maximum number of variables is set to 5,000 but can be increased;
          see help set_maxvar.


Running /Users/Mike/Documents/Stata/profile.do ...

. do test_cluster_vce.do 

. clear all

. set more off

. adopath + "../build"
  [1]  (BASE)      "/Applications/Stata/ado/base/"
  [2]  (SITE)      "/Applications/Stata/ado/site/"
  [3]              "."
  [4]  (PERSONAL)  "/Users/Mike/Documents/Stata/ado/personal/"
  [5]  (PLUS)      "/Users/Mike/Library/Application Support/Stata/ado/plus/"
  [6]  (OLDPLACE)  "~/ado/"
  [7]              "../build"

. sysuse auto, clear
(1978 automobile data)

. drop if missing(price, mpg, weight, rep78)
(5 observations deleted)

. 
. display _n "=== TESTING CLUSTER VCE ===" _n

=== TESTING CLUSTER VCE ===


. 
. * Check if qreg supports cluster VCE
. capture qreg price mpg weight, quantile(0.5) vce(cluster rep78)

. if _rc != 0 {
.     display "qreg does NOT support vce(cluster), error code: " _rc
qreg does NOT support vce(cluster), error code: 198
.     display "This is expected - Stata's qreg doesn't have cluster VCE"
This is expected - Stata's qreg doesn't have cluster VCE
. }

. else {
.     display "qreg cluster VCE succeeded (unexpected)"
.     matrix list e(V)
. }

. 
. * Try bsqreg (bootstrap quantile regression) as alternative
. display _n "=== Testing bootstrap QR as reference ===" _n

=== Testing bootstrap QR as reference ===


. display "(skipping bootstrap - takes too long for quick test)"
(skipping bootstrap - takes too long for quick test)

. 
. * Test cqreg cluster VCE
. display _n "=== Testing cqreg vce(cluster rep78) ===" _n

=== Testing cqreg vce(cluster rep78) ===


. capture cqreg price mpg weight, quantile(0.5) vce(cluster rep78)

. if _rc == 0 {
.     display "cqreg cluster VCE succeeded"
cqreg cluster VCE succeeded
.     display "SE[mpg]    = " %12.6f _se[mpg]
SE[mpg]    =    46.319382
.     display "SE[weight] = " %12.6f _se[weight]
SE[weight] =     0.952715
.     display "Number of clusters: " e(N_clust)
Number of clusters: 5
.     matrix list e(V)

symmetric e(V)[3,3]
               mpg      weight       _cons
   mpg   2145.4851
weight   33.524998   .90766546
 _cons  -157066.35  -3892.6768    16901462
. }

. else {
.     display "cqreg cluster VCE failed, error code: " _rc
. }

. 
. * For reference, get IID standard errors
. display _n "=== Reference: cqreg IID VCE ===" _n

=== Reference: cqreg IID VCE ===


. quietly cqreg price mpg weight, quantile(0.5) vce(iid)

. display "SE[mpg]    = " %12.6f _se[mpg]
SE[mpg]    =    85.176144

. display "SE[weight] = " %12.6f _se[weight]
SE[weight] =     0.630229

. 
end of do-file
