
  ___  ____  ____  ____  ____ ®
 /__    /   ____/   /   ____/      StataNow 18.5
___/   /   /___/   /   /___/       MP—Parallel Edition

 Statistics and Data Science       Copyright 1985-2023 StataCorp LLC
                                   StataCorp
                                   4905 Lakeway Drive
                                   College Station, Texas 77845 USA
                                   800-782-8272        https://www.stata.com
                                   979-696-4600        service@stata.com

Stata license: Unlimited-user 16-core network, expiring  2 Jul 2026
Serial number: 501909320077
  Licensed to: Michael Droste
               Stanford University GSB

Notes:
      1. Stata is running in batch mode.
      2. Unicode is supported; see help unicode_advice.
      3. More than 2 billion observations are allowed; see help obs_advice.
      4. Maximum number of variables is set to 5,000 but can be increased;
          see help set_maxvar.


Running /Users/Mike/Documents/Stata/profile.do ...

. do /tmp/debug_cmerge.do 

. * Debug test for cmerge string key issue
. clear all

. set more off

. adopath + "/Users/Mike/Documents/GitHub/stata-ctools/build"
  [1]  (BASE)      "/Applications/Stata/ado/base/"
  [2]  (SITE)      "/Applications/Stata/ado/site/"
  [3]              "."
  [4]  (PERSONAL)  "/Users/Mike/Documents/Stata/ado/personal/"
  [5]  (PLUS)      "/Users/Mike/Library/Application Support/Stata/ado/plus/"
  [6]  (OLDPLACE)  "~/ado/"
  [7]              "/Users/Mike/Documents/GitHub/stata-ctools/build"

. 
. * Simple string key test
. clear

. input str10 key val1 val2

            key       val1       val2
  1. "apple" 1 100
  2. "banana" 2 200
  3. "cherry" 3 300
  4. end

. tempfile master

. save `master'
file /var/folders/5l/0w9hn2t9637147hqnm7bgk000000gn/T//St66250.000001 saved
    as .dta format

. 
. clear

. input str10 key val3 val4

            key       val3       val4
  1. "apple" 10 1000
  2. "banana" 20 2000
  3. "cherry" 30 3000
  4. end

. tempfile using_file

. save `using_file'
file /var/folders/5l/0w9hn2t9637147hqnm7bgk000000gn/T//St66250.000002 saved
    as .dta format

. 
. * Run Stata merge
. use `master', clear

. merge 1:1 key using `using_file'

    Result                      Number of obs
    -----------------------------------------
    Not matched                             0
    Matched                                 3  (_merge==3)
    -----------------------------------------

. drop _merge

. list

     +------------------------------------+
     |    key   val1   val2   val3   val4 |
     |------------------------------------|
  1. |  apple      1    100     10   1000 |
  2. | banana      2    200     20   2000 |
  3. | cherry      3    300     30   3000 |
     +------------------------------------+

. tempfile stata_result

. save `stata_result'
file /var/folders/5l/0w9hn2t9637147hqnm7bgk000000gn/T//St66250.000003 saved
    as .dta format

. 
. * Run cmerge
. use `master', clear

. cmerge 1:1 key using `using_file', verbose

------------------------------------------------------------
cmerge: Optimized C-Accelerated Merge
------------------------------------------------------------
Merge type:  1:1
Key vars:    key
Using file:  /var/folders/5l/0w9hn2t9637147hqnm7bgk000000gn/T//St66250.000002
Master obs:  3
Master vars: 3
------------------------------------------------------------

Phase 1: Loading using dataset (keys + keepusing only)...
  Using: 3 obs, keeping 1 keys + 2 keepusing vars
cmerge: Loading using keys...
cmerge: Loading keepusing variables...
cmerge: Sorting using data...
  Loaded 3 obs (1 keys, 2 keepusing) in 0.1 ms, sorted in 0.0 ms

Phase 2: Executing merge with streaming...
cmerge: Loading master keys only...
  Loaded 3 obs, 2 vars in 0.1 ms
cmerge: Sorting master keys...
  Sorted in 0.0 ms
cmerge: Performing merge join...
  Merge produced 3 rows in 0.0 ms
cmerge: Writing output...
cmerge: Streaming master variables...
  Wrote keepusing in 0.0 ms, streamed 3 master vars in 0.0 ms

Total C time: 0.2 ms
  Load: 0.1 ms, Sort: 0.0 ms, Merge: 0.0 ms

    Result                      Number of obs
    -----------------------------------------
    Not matched                             0

    Matched                                 3  (_merge==3)
    -----------------------------------------

Total time:     0.002 seconds

. drop _merge

. list

     +------------------------------------+
     |    key   val1   val2   val3   val4 |
     |------------------------------------|
  1. |  apple      1    100     10   1000 |
  2. | banana      2    200     20   2000 |
  3. | cherry      3    300     30   3000 |
     +------------------------------------+

. 
. * Compare
. cf _all using `stata_result'

. if _rc == 0 {
.     di as result "SUCCESS: datasets are identical"
SUCCESS: datasets are identical
. }

. else {
.     di as error "FAILED: datasets differ"
. }

. 
end of do-file
