
  ___  ____  ____  ____  ____ ®
 /__    /   ____/   /   ____/      StataNow 18.5
___/   /   /___/   /   /___/       MP—Parallel Edition

 Statistics and Data Science       Copyright 1985-2023 StataCorp LLC
                                   StataCorp
                                   4905 Lakeway Drive
                                   College Station, Texas 77845 USA
                                   800-782-8272        https://www.stata.com
                                   979-696-4600        service@stata.com

Stata license: Unlimited-user 16-core network, expiring  2 Jul 2026
Serial number: 501909320077
  Licensed to: Michael Droste
               Stanford University GSB

Notes:
      1. Stata is running in batch mode.
      2. Unicode is supported; see help unicode_advice.
      3. More than 2 billion observations are allowed; see help obs_advice.
      4. Maximum number of variables is set to 5,000 but can be increased;
          see help set_maxvar.


Running /Users/Mike/Documents/Stata/profile.do ...

. do /tmp/debug_precision3.do 

. * Verify type preservation fix
. clear all

. set more off

. adopath + "/Users/Mike/Documents/GitHub/stata-ctools/build"
  [1]  (BASE)      "/Applications/Stata/ado/base/"
  [2]  (SITE)      "/Applications/Stata/ado/site/"
  [3]              "."
  [4]  (PERSONAL)  "/Users/Mike/Documents/Stata/ado/personal/"
  [5]  (PLUS)      "/Users/Mike/Library/Application Support/Stata/ado/plus/"
  [6]  (OLDPLACE)  "~/ado/"
  [7]              "/Users/Mike/Documents/GitHub/stata-ctools/build"

. 
. di _n "=== Type Preservation Test ==="

=== Type Preservation Test ===

. 
. * Create using with various numeric types
. clear

. set obs 3
Number of observations (_N) was 0, now 3.

. gen long id = _n

. gen byte using_byte = _n * 10

. gen int using_int = _n * 100

. gen long using_long = _n * 10000

. gen float using_float = _n * 1.5

. gen double using_double = _n * 1.23456789012345

. tempfile using_data

. save `using_data'
file /var/folders/5l/0w9hn2t9637147hqnm7bgk000000gn/T//St89114.000001 saved
    as .dta format

. 
. di "Using dataset types:"
Using dataset types:

. describe using_*

Variable      Storage   Display    Value
    name         type    format    label      Variable label
-------------------------------------------------------------------------------
using_byte      byte    %8.0g                 
using_int       int     %8.0g                 
using_long      long    %12.0g                
using_float     float   %9.0g                 
using_double    double  %10.0g                

. 
. * Create master
. clear

. set obs 3
Number of observations (_N) was 0, now 3.

. gen long id = _n

. gen double master_val = _n

. tempfile master

. save `master'
file /var/folders/5l/0w9hn2t9637147hqnm7bgk000000gn/T//St89114.000002 saved
    as .dta format

. 
. * Stata merge
. use `master', clear

. merge 1:1 id using `using_data'

    Result                      Number of obs
    -----------------------------------------
    Not matched                             0
    Matched                                 3  (_merge==3)
    -----------------------------------------

. drop _merge

. di _n "=== STATA MERGE TYPES ==="

=== STATA MERGE TYPES ===

. describe using_*

Variable      Storage   Display    Value
    name         type    format    label      Variable label
-------------------------------------------------------------------------------
using_byte      byte    %8.0g                 
using_int       int     %8.0g                 
using_long      long    %12.0g                
using_float     float   %9.0g                 
using_double    double  %10.0g                

. tempfile stata_result

. save `stata_result'
file /var/folders/5l/0w9hn2t9637147hqnm7bgk000000gn/T//St89114.000003 saved
    as .dta format

. 
. * cmerge
. use `master', clear

. cmerge 1:1 id using `using_data'

    Result                      Number of obs
    -----------------------------------------
    Not matched                             0

    Matched                                 3  (_merge==3)
    -----------------------------------------

. drop _merge

. di _n "=== CMERGE TYPES ==="

=== CMERGE TYPES ===

. describe using_*

Variable      Storage   Display    Value
    name         type    format    label      Variable label
-------------------------------------------------------------------------------
using_byte      byte    %8.0g                 
using_int       int     %8.0g                 
using_long      long    %12.0g                
using_float     float   %9.0g                 
using_double    double  %10.0g                

. 
. * Compare
. di _n "=== CF COMPARISON ==="

=== CF COMPARISON ===

. capture cf _all using `stata_result'

. if _rc == 0 {
.     di as result "cf _all: MATCH - types and values identical"
cf _all: MATCH - types and values identical
. }

. else {
.     di as error "cf _all: MISMATCH"
. }

. 
. di _n "=== DONE ==="

=== DONE ===

. 
end of do-file
