
  ___  ____  ____  ____  ____ ®
 /__    /   ____/   /   ____/      StataNow 18.5
___/   /   /___/   /   /___/       MP—Parallel Edition

 Statistics and Data Science       Copyright 1985-2023 StataCorp LLC
                                   StataCorp
                                   4905 Lakeway Drive
                                   College Station, Texas 77845 USA
                                   800-782-8272        https://www.stata.com
                                   979-696-4600        service@stata.com

Stata license: Unlimited-user 16-core network, expiring  2 Jul 2026
Serial number: 501909320077
  Licensed to: Michael Droste
               Stanford University GSB

Notes:
      1. Stata is running in batch mode.
      2. Unicode is supported; see help unicode_advice.
      3. More than 2 billion observations are allowed; see help obs_advice.
      4. Maximum number of variables is set to 5,000 but can be increased;
          see help set_maxvar.


Running /Users/Mike/Documents/Stata/profile.do ...

. do validation/quick_validate.do 

. /****************************************************************************
> ***
>  * quick_validate.do - Quick validation for cmerge
>  ****************************************************************************
> **/
. 
. version 14.0

. clear all

. set more off

. 
. adopath + "build"
  [1]  (BASE)      "/Applications/Stata/ado/base/"
  [2]  (SITE)      "/Applications/Stata/ado/site/"
  [3]              "."
  [4]  (PERSONAL)  "/Users/Mike/Documents/Stata/ado/personal/"
  [5]  (PLUS)      "/Users/Mike/Library/Application Support/Stata/ado/plus/"
  [6]  (OLDPLACE)  "~/ado/"
  [7]              "build"

. cap program drop ctools_plugin

. program ctools_plugin, plugin using("build/ctools_mac_arm.plugin")

. 
. local passed = 0

. local failed = 0

. 
. quietly {
========================================
CMERGE QUICK VALIDATION
========================================

Test 1: Basic 1:1 merge
  PASS

Test 2: m:1 merge
  PASS

Test 3: 1:m merge
  PASS

Test 4: Merge with no matches
  PASS

Test 5: m:m merge
  PASS (N=4)

========================================
RESULTS: 5 passed, 0 failed
========================================

. 
. if `failed' > 0 {
.     exit 1
. }

. 
end of do-file
