
  ___  ____  ____  ____  ____ ®
 /__    /   ____/   /   ____/      StataNow 18.5
___/   /   /___/   /   /___/       MP—Parallel Edition

 Statistics and Data Science       Copyright 1985-2023 StataCorp LLC
                                   StataCorp
                                   4905 Lakeway Drive
                                   College Station, Texas 77845 USA
                                   800-782-8272        https://www.stata.com
                                   979-696-4600        service@stata.com

Stata license: Unlimited-user 16-core network, expiring  2 Jul 2026
Serial number: 501909320077
  Licensed to: Michael Droste
               Stanford University GSB

Notes:
      1. Stata is running in batch mode.
      2. Unicode is supported; see help unicode_advice.
      3. More than 2 billion observations are allowed; see help obs_advice.
      4. Maximum number of variables is set to 5,000 but can be increased;
          see help set_maxvar.


Running /Users/Mike/Documents/Stata/profile.do ...

. do /tmp/test_singleton.do 

. clear all

. set more off

. adopath ++ build
  [1]              "build"
  [2]  (BASE)      "/Applications/Stata/ado/base/"
  [3]  (SITE)      "/Applications/Stata/ado/site/"
  [4]              "."
  [5]  (PERSONAL)  "/Users/Mike/Documents/Stata/ado/personal/"
  [6]  (PLUS)      "/Users/Mike/Library/Application Support/Stata/ado/plus/"
  [7]  (OLDPLACE)  "~/ado/"

. 
. * Singleton FE test
. clear

. set seed 456

. set obs 100
Number of observations (_N) was 0, now 100.

. gen id = _n

. gen x = runiform()

. gen y = x + rnormal()

. 
. capture noisily creghdfe y x, absorb(id)
creghdfe: all observations are singletons
Error in regression (rc=2001)

. di "Return code: `=_rc'"
Return code: 2001

. 
end of do-file
