
  ___  ____  ____  ____  ____ ®
 /__    /   ____/   /   ____/      StataNow 18.5
___/   /   /___/   /   /___/       MP—Parallel Edition

 Statistics and Data Science       Copyright 1985-2023 StataCorp LLC
                                   StataCorp
                                   4905 Lakeway Drive
                                   College Station, Texas 77845 USA
                                   800-782-8272        https://www.stata.com
                                   979-696-4600        service@stata.com

Stata license: Unlimited-user 16-core network, expiring  2 Jul 2026
Serial number: 501909320077
  Licensed to: Michael Droste
               Stanford University GSB

Notes:
      1. Stata is running in batch mode.
      2. Unicode is supported; see help unicode_advice.
      3. More than 2 billion observations are allowed; see help obs_advice.
      4. Maximum number of variables is set to 5,000 but can be increased;
          see help set_maxvar.


Running /Users/Mike/Documents/Stata/profile.do ...

. do /tmp/test_mm_exact.do 

. clear all

. set more off

. adopath ++ build
  [1]              "build"
  [2]  (BASE)      "/Applications/Stata/ado/base/"
  [3]  (SITE)      "/Applications/Stata/ado/site/"
  [4]              "."
  [5]  (PERSONAL)  "/Users/Mike/Documents/Stata/ado/personal/"
  [6]  (PLUS)      "/Users/Mike/Library/Application Support/Stata/ado/plus/"
  [7]  (OLDPLACE)  "~/ado/"

. 
. * Exact test from validation
. clear

. set obs 100
Number of observations (_N) was 0, now 100.

. gen group = mod(_n - 1, 10) + 1

. gen val1 = _n * 10

. tempfile master_mm

. save `master_mm'
file /var/folders/5l/0w9hn2t9637147hqnm7bgk000000gn/T//St77401.000001 saved
    as .dta format

. 
. clear

. set obs 100
Number of observations (_N) was 0, now 100.

. gen group = mod(_n - 1, 10) + 1

. gen val2 = _n * 100

. tempfile using_mm

. save `using_mm'
file /var/folders/5l/0w9hn2t9637147hqnm7bgk000000gn/T//St77401.000002 saved
    as .dta format

. 
. * Stata merge
. use `master_mm', clear

. merge m:m group using `using_mm', nogen

    Result                      Number of obs
    -----------------------------------------
    Not matched                             0
    Matched                               100  
    -----------------------------------------

. gen stata_id = _n

. save /tmp/stata_mm_v.dta, replace
(file /tmp/stata_mm_v.dta not found)
file /tmp/stata_mm_v.dta saved

. di "Stata: N=`=_N'"
Stata: N=100

. 
. * cmerge
. use `master_mm', clear

. cmerge m:m group using `using_mm', nogen noreport

. gen cmerge_id = _n

. save /tmp/cmerge_mm_v.dta, replace
(file /tmp/cmerge_mm_v.dta not found)
file /tmp/cmerge_mm_v.dta saved

. di "cmerge: N=`=_N'"
cmerge: N=100

. 
. * Compare first few rows for each
. di ""


. di "Stata first 5 of group 1:"
Stata first 5 of group 1:

. use /tmp/stata_mm_v.dta, clear

. list if group == 1 in 1/5, noobs

  +--------------------------------+
  | group   val1   val2   stata_id |
  |--------------------------------|
  |     1    810   6100          1 |
  |     1    610   2100          2 |
  |     1    510   9100          3 |
  |     1    110   8100          4 |
  |     1    910   5100          5 |
  +--------------------------------+

. 
. di ""


. di "cmerge first 5 of group 1:"
cmerge first 5 of group 1:

. use /tmp/cmerge_mm_v.dta, clear

. list if group == 1 in 1/5, noobs

  +--------------------------------+
  | group   val1   val2   cmerge~d |
  |--------------------------------|
  |     1     10    100          1 |
  |     1    110   1100          2 |
  |     1    210   2100          3 |
  |     1    310   3100          4 |
  |     1    410   4100          5 |
  +--------------------------------+

. 
end of do-file
