
  ___  ____  ____  ____  ____ ®
 /__    /   ____/   /   ____/      StataNow 18.5
___/   /   /___/   /   /___/       MP—Parallel Edition

 Statistics and Data Science       Copyright 1985-2023 StataCorp LLC
                                   StataCorp
                                   4905 Lakeway Drive
                                   College Station, Texas 77845 USA
                                   800-782-8272        https://www.stata.com
                                   979-696-4600        service@stata.com

Stata license: Unlimited-user 16-core network, expiring  2 Jul 2026
Serial number: 501909320077
  Licensed to: Michael Droste
               Stanford University GSB

Notes:
      1. Stata is running in batch mode.
      2. Unicode is supported; see help unicode_advice.
      3. More than 2 billion observations are allowed; see help obs_advice.
      4. Maximum number of variables is set to 5,000 but can be increased;
          see help set_maxvar.


Running /Users/Mike/Documents/Stata/profile.do ...

. do /tmp/test_diag_validation.do 

. * Quick validation of diagnostic test options
. clear all

. scalar drop _all

. matrix drop _all

. set more off

. adopath + "/Users/Mike/Documents/GitHub/stata-ctools/build"
  [1]  (BASE)      "/Applications/Stata/ado/base/"
  [2]  (SITE)      "/Applications/Stata/ado/site/"
  [3]              "."
  [4]  (PERSONAL)  "/Users/Mike/Documents/Stata/ado/personal/"
  [5]  (PLUS)      "/Users/Mike/Library/Application Support/Stata/ado/plus/"
  [6]  (OLDPLACE)  "~/ado/"
  [7]              "/Users/Mike/Documents/GitHub/stata-ctools/build"

. 
. global TESTS_PASSED = 0

. global TESTS_FAILED = 0

. global TESTS_TOTAL = 0

. 
. capture program drop test_pass

. program define test_pass
  1.     args msg
  2.     global TESTS_PASSED = $TESTS_PASSED + 1
  3.     global TESTS_TOTAL = $TESTS_TOTAL + 1
  4.     di as text "[PASS] `msg'"
  5. end

. 
. capture program drop test_fail

. program define test_fail
  1.     args name reason
  2.     global TESTS_FAILED = $TESTS_FAILED + 1
  3.     global TESTS_TOTAL = $TESTS_TOTAL + 1
  4.     di as error "[FAIL] `name': `reason'"
  5. end

. 
. di as text _n "Diagnostic Test Options Validation"

Diagnostic Test Options Validation

. di as text "{hline 60}"
------------------------------------------------------------

. 
. * Create test data with multiple instruments
. clear

. set seed 12345

. set obs 500
Number of observations (_N) was 0, now 500.

. gen firm = ceil(_n / 10)

. gen z1 = runiform()

. gen z2 = rnormal()

. gen z3 = runiform() + 0.1*rnormal()

. gen x_endog = 0.5*z1 + 0.3*z2 + 0.2*z3 + rnormal()

. gen x_exog = runiform()

. gen y = 2*x_endog + 1.5*x_exog + rnormal()

. 
. * Test orthog() option
. capture civreghdfe y (x_endog = z1 z2 z3) x_exog, absorb(firm) orthog(z3)

. if _rc == 0 {
.     test_pass "orthog() option accepted"
[PASS] orthog() option accepted
. }

. else {
.     test_fail "orthog()" "returned error `=_rc'"
. }

. 
. * Test orthog() stores results
. civreghdfe y (x_endog = z1 z2 z3) x_exog, absorb(firm) orthog(z3)

IV (2SLS) estimation
--------------------

Estimates efficient for homoskedasticity only
Statistics consistent for homoskedasticity only

                                                      Number of obs =      500
                                                      F(  2,   448) =   198.78
                                                      Prob > F      =   0.0000
Total (centered) SS     =  2458.1                     Centered R2   =   0.8158
Total (uncentered) SS   =  2458.1                     Uncentered R2 =   0.8158
Residual SS             =  452.8                      Root MSE      =        1

------------------------------------------------------------------------------
           y | Coefficient  Std. err.      t    P>|t|     [95% conf. interval]
-------------+----------------------------------------------------------------
     x_endog |    2.19302   .1211151    18.11   0.000     1.954996    2.431044
      x_exog |   1.750793   .1623991    10.78   0.000     1.431634    2.069952
------------------------------------------------------------------------------
Underidentification test (Anderson canon. corr. LM statistic):          73.949
                                                   Chi-sq(3) P-val =    0.0000
------------------------------------------------------------------------------
Weak identification test (Cragg-Donald Wald F statistic):               25.804
Stock-Yogo weak ID test critical values: 10% maximal IV size             22.30
                                         15% maximal IV size             12.83
                                         20% maximal IV size              9.54
                                         25% maximal IV size              7.80
Source: Stock-Yogo (2005).  Reproduced by permission.
------------------------------------------------------------------------------
Sargan statistic (overidentification test of all instruments):           0.562
                                                   Chi-sq(2) P-val =    0.7551
------------------------------------------------------------------------------
C statistic (exogeneity/orthogonality of instruments):                   0.349
                                                   Chi-sq(1) P-val =    0.5546
------------------------------------------------------------------------------
Instrumented:         x_endog
Included instruments: x_exog
Excluded instruments: z1 z2 z3
Partialled-out:       _cons
                      nb: total SS, model F and R2s are after partialling-out;
                          any small-sample adjustments include partialled-out
                          variables in regressor count K
------------------------------------------------------------------------------

Absorbed degrees of freedom:
-----------------------------------------------------+
 Absorbed FE | Categories  - Redundant  = Num. Coefs |
-------------+---------------------------------------|
        firm |        50           0          50     |
-----------------------------------------------------+


. if e(cstat) != . & e(cstat_df) != . & e(cstat_p) != . {
.     test_pass "orthog() stores cstat, cstat_df, cstat_p"
[PASS] orthog() stores cstat, cstat_df, cstat_p
.     di as text "  cstat=" e(cstat) " df=" e(cstat_df) " p=" e(cstat_p)
  cstat=.34913258 df=1 p=.55460457
. }

. else {
.     test_fail "orthog() results" "cstat=`e(cstat)', df=`e(cstat_df)', p=`e(cs
> tat_p)'"
. }

. 
. * Test noid option
. capture civreghdfe y (x_endog = z1 z2 z3) x_exog, absorb(firm) noid

. if _rc == 0 {
.     test_pass "noid option accepted"
[PASS] noid option accepted
. }

. else {
.     test_fail "noid" "returned error `=_rc'"
. }

. 
. * Test endogtest() with two endogenous variables
. drop x_endog y

. gen x_endog1 = 0.5*z1 + 0.3*z2 + rnormal()

. gen x_endog2 = 0.4*z2 + 0.3*z3 + rnormal()

. gen y = 2*x_endog1 + 1.5*x_endog2 + 1.0*x_exog + rnormal()

. 
. capture civreghdfe y (x_endog1 x_endog2 = z1 z2 z3) x_exog, absorb(firm) endo
> gtest(x_endog2)

. if _rc == 0 {
.     test_pass "endogtest() option accepted"
. }

. else {
.     test_fail "endogtest()" "returned error `=_rc'"
[FAIL] endogtest(): returned error 198
. }

. 
. * Test endogtest() stores results
. civreghdfe y (x_endog1 x_endog2 = z1 z2 z3) x_exog, absorb(firm) endogtest(x_
> endog2)
civreghdfe: Z'Z is singular (instruments may be collinear)
r(198);

end of do-file
r(198);
