
  ___  ____  ____  ____  ____ ®
 /__    /   ____/   /   ____/      StataNow 18.5
___/   /   /___/   /   /___/       MP—Parallel Edition

 Statistics and Data Science       Copyright 1985-2023 StataCorp LLC
                                   StataCorp
                                   4905 Lakeway Drive
                                   College Station, Texas 77845 USA
                                   800-782-8272        https://www.stata.com
                                   979-696-4600        service@stata.com

Stata license: Unlimited-user 16-core network, expiring  2 Jul 2026
Serial number: 501909320077
  Licensed to: Michael Droste
               Stanford University GSB

Notes:
      1. Stata is running in batch mode.
      2. Unicode is supported; see help unicode_advice.
      3. More than 2 billion observations are allowed; see help obs_advice.
      4. Maximum number of variables is set to 5,000 but can be increased;
          see help set_maxvar.


Running /Users/Mike/Documents/Stata/profile.do ...

. do /tmp/test_debug_civreghdfe.do 

. * Debug test
. clear all

. set more off

. adopath + "/Users/Mike/Documents/GitHub/stata-ctools/build"
  [1]  (BASE)      "/Applications/Stata/ado/base/"
  [2]  (SITE)      "/Applications/Stata/ado/site/"
  [3]              "."
  [4]  (PERSONAL)  "/Users/Mike/Documents/Stata/ado/personal/"
  [5]  (PLUS)      "/Users/Mike/Library/Application Support/Stata/ado/plus/"
  [6]  (OLDPLACE)  "~/ado/"
  [7]              "/Users/Mike/Documents/GitHub/stata-ctools/build"

. 
. set seed 12345

. set obs 100
Number of observations (_N) was 0, now 100.

. gen firm = ceil(_n/10)

. gen z1 = rnormal()

. gen exog_x = rnormal()

. gen u = rnormal()

. gen endog_x = 0.5*z1 + 0.2*u

. gen y = 1 + 2*endog_x + 1.5*exog_x + 0.5*u + rnormal()

. 
. * Manually trace through civreghdfe
. local depvar "y"

. local endogvars "endog_x"

. local exogvars "exog_x"

. local instruments "z1"

. local absorb "firm"

. 
. * Count variables
. local K_endog : word count `endogvars'

. local K_exog : word count `exogvars'

. local K_iv : word count `instruments'

. local K_total = `K_endog' + `K_exog'

. local G : word count `absorb'

. 
. di "K_endog=`K_endog', K_exog=`K_exog', K_iv=`K_iv', K_total=`K_total', G=`G'
> "
K_endog=1, K_exog=1, K_iv=1, K_total=2, G=1

. 
. * Setup scalars
. scalar __civreghdfe_K_endog = `K_endog'

. scalar __civreghdfe_K_exog = `K_exog'

. scalar __civreghdfe_K_iv = `K_iv'

. scalar __civreghdfe_G = `G'

. scalar __civreghdfe_has_cluster = 0

. scalar __civreghdfe_has_weights = 0

. scalar __civreghdfe_weight_type = 0

. scalar __civreghdfe_vce_type = 0

. scalar __civreghdfe_maxiter = 16000

. scalar __civreghdfe_tolerance = 1e-8

. scalar __civreghdfe_verbose = 1

. scalar __civreghdfe_nested_fe_index = 0

. scalar __civreghdfe_est_method = 0

. scalar __civreghdfe_kclass = 1

. scalar __civreghdfe_fuller = 0

. scalar __civreghdfe_coviv = 0

. scalar __civreghdfe_kernel = 0

. scalar __civreghdfe_bw = 0

. scalar __civreghdfe_dkraay = 0

. 
. * Setup matrices
. matrix __civreghdfe_b = J(1, `K_total', 0)

. matrix __civreghdfe_V = J(`K_total', `K_total', 0)

. 
. * Plugin variables
. local plugin_vars "`depvar' `endogvars' `exogvars' `instruments'"

. foreach v of local absorb {
  2.     local plugin_vars "`plugin_vars' `v'"
  3. }

. di "plugin_vars: `plugin_vars'"
plugin_vars: y endog_x exog_x z1 firm

. 
. * Load plugin
. capture program ctools_plugin, plugin using("ctools_mac_arm.plugin")

. if _rc != 0 {
.     di "Failed to load plugin: " _rc
.     exit 1
. }

. 
. * Call plugin
. gen byte touse = 1

. di "Calling plugin..."
Calling plugin...

. plugin call ctools_plugin `plugin_vars' if touse, "civreghdfe iv_regression"
civreghdfe: N=100, K_endog=1, K_exog=1, K_iv=1, G=1
civreghdfe: 100 valid observations (dropped 0)
civreghdfe: No singletons found
civreghdfe: Partialling out fixed effects...
civreghdfe: Fixed effects partialled out
civreghdfe: Computing 2SLS estimation
  N=100, K_exog=1, K_endog=1, K_iv=1
civreghdfe: Model is underidentified
r(198);

end of do-file
r(198);
