
  ___  ____  ____  ____  ____ ®
 /__    /   ____/   /   ____/      StataNow 18.5
___/   /   /___/   /   /___/       MP—Parallel Edition

 Statistics and Data Science       Copyright 1985-2023 StataCorp LLC
                                   StataCorp
                                   4905 Lakeway Drive
                                   College Station, Texas 77845 USA
                                   800-782-8272        https://www.stata.com
                                   979-696-4600        service@stata.com

Stata license: Unlimited-user 16-core network, expiring  2 Jul 2026
Serial number: 501909320077
  Licensed to: Michael Droste
               Stanford University GSB

Notes:
      1. Stata is running in batch mode.
      2. Unicode is supported; see help unicode_advice.
      3. More than 2 billion observations are allowed; see help obs_advice.
      4. Maximum number of variables is set to 5,000 but can be increased;
          see help set_maxvar.


Running /Users/Mike/Documents/Stata/profile.do ...

. do /tmp/test_partial_validation.do 

. * Quick test of partial() validation
. clear all

. scalar drop _all

. matrix drop _all

. set more off

. adopath + "/Users/Mike/Documents/GitHub/stata-ctools/build"
  [1]  (BASE)      "/Applications/Stata/ado/base/"
  [2]  (SITE)      "/Applications/Stata/ado/site/"
  [3]              "."
  [4]  (PERSONAL)  "/Users/Mike/Documents/Stata/ado/personal/"
  [5]  (PLUS)      "/Users/Mike/Library/Application Support/Stata/ado/plus/"
  [6]  (OLDPLACE)  "~/ado/"
  [7]              "/Users/Mike/Documents/GitHub/stata-ctools/build"

. 
. * Create test data
. clear

. set seed 12345

. set obs 500
Number of observations (_N) was 0, now 500.

. gen firm = ceil(_n / 10)

. gen z1 = runiform()

. gen z2 = rnormal()

. gen x_endog = 0.5*z1 + 0.3*z2 + rnormal()

. gen x_exog1 = runiform()

. gen x_exog2 = rnormal()

. gen y = 2*x_endog + 1.0*x_exog1 + 0.5*x_exog2 + rnormal()

. 
. local tests_passed = 0

. local tests_failed = 0

. 
. * Test 1: basic partial() works
. di _n "Test 1: basic partial()"

Test 1: basic partial()

. capture civreghdfe y (x_endog = z1 z2) x_exog1 x_exog2, absorb(firm) partial(
> x_exog2)

. if _rc == 0 {
.     di "  PASS"
  PASS
.     local tests_passed = `tests_passed' + 1
. }

. else {
.     di "  FAIL: rc=" _rc
.     local tests_failed = `tests_failed' + 1
. }

. 
. * Test 2: excludes variable
. di _n "Test 2: excludes variable"

Test 2: excludes variable

. civreghdfe y (x_endog = z1 z2) x_exog1 x_exog2, absorb(firm) partial(x_exog2)

IV (2SLS) estimation
--------------------

Estimates efficient for homoskedasticity only
Statistics consistent for homoskedasticity only

                                                      Number of obs =      500
                                                      F(  2,   448) =   122.99
                                                      Prob > F      =   0.0000
Total (centered) SS     =  2553.5                     Centered R2   =   0.8258
Total (uncentered) SS   =  2553.5                     Uncentered R2 =   0.8258
Residual SS             =  444.8                      Root MSE      =        1

------------------------------------------------------------------------------
           y | Coefficient  Std. err.      t    P>|t|     [95% conf. interval]
-------------+----------------------------------------------------------------
     x_endog |   2.026423   .1548131    13.09   0.000     1.722173    2.330672
     x_exog1 |   1.098387   .1686276     6.51   0.000     .7669872    1.429786
------------------------------------------------------------------------------
Underidentification test (Anderson canon. corr. LM statistic):          44.417
                                                   Chi-sq(3) P-val =    0.0000
------------------------------------------------------------------------------
Weak identification test (Cragg-Donald Wald F statistic):               14.494
Stock-Yogo weak ID test critical values: 10% maximal IV size             19.93
                                         15% maximal IV size             11.59
                                         20% maximal IV size              8.75
                                         25% maximal IV size              7.25
Source: Stock-Yogo (2005).  Reproduced by permission.
------------------------------------------------------------------------------
Sargan statistic (overidentification test of all instruments):           1.465
                                                   Chi-sq(2) P-val =    0.4807
------------------------------------------------------------------------------
Instrumented:         x_endog
Included instruments: x_exog1 x_exog2
Excluded instruments: z1 z2
Partialled-out:       _cons
                      nb: total SS, model F and R2s are after partialling-out;
                          any small-sample adjustments include partialled-out
                          variables in regressor count K
------------------------------------------------------------------------------

Absorbed degrees of freedom:
-----------------------------------------------------+
 Absorbed FE | Categories  - Redundant  = Num. Coefs |
-------------+---------------------------------------|
        firm |        50           0          50     |
-----------------------------------------------------+


. capture local test_coef = _b[x_exog2]

. if _rc != 0 {
.     di "  PASS"
  PASS
.     local tests_passed = `tests_passed' + 1
. }

. else {
.     di "  FAIL: partialled var still accessible"
.     local tests_failed = `tests_failed' + 1
. }

. 
. * Test 3: FWL theorem
. di _n "Test 3: FWL theorem"

Test 3: FWL theorem

. civreghdfe y (x_endog = z1 z2) x_exog1 x_exog2, absorb(firm)

IV (2SLS) estimation
--------------------

Estimates efficient for homoskedasticity only
Statistics consistent for homoskedasticity only

                                                      Number of obs =      500
                                                      F(  3,   447) =    94.51
                                                      Prob > F      =   0.0000
Total (centered) SS     =  2591.4                     Centered R2   =   0.8284
Total (uncentered) SS   =  2591.4                     Uncentered R2 =   0.8284
Residual SS             =  444.7                      Root MSE      =        1

------------------------------------------------------------------------------
           y | Coefficient  Std. err.      t    P>|t|     [95% conf. interval]
-------------+----------------------------------------------------------------
     x_endog |   2.027147   .1550981    13.07   0.000     1.722335    2.331959
     x_exog1 |   1.102348   .1693281     6.51   0.000     .7695702    1.435126
     x_exog2 |     .48378   .0509484     9.50   0.000     .3836518    .5839082
------------------------------------------------------------------------------
Underidentification test (Anderson canon. corr. LM statistic):          46.403
                                                   Chi-sq(2) P-val =    0.0000
------------------------------------------------------------------------------
Weak identification test (Cragg-Donald Wald F statistic):               22.813
Stock-Yogo weak ID test critical values: 10% maximal IV size             19.93
                                         15% maximal IV size             11.59
                                         20% maximal IV size              8.75
                                         25% maximal IV size              7.25
Source: Stock-Yogo (2005).  Reproduced by permission.
------------------------------------------------------------------------------
Sargan statistic (overidentification test of all instruments):           1.538
                                                   Chi-sq(1) P-val =    0.2149
------------------------------------------------------------------------------
Instrumented:         x_endog
Included instruments: x_exog1 x_exog2
Excluded instruments: z1 z2
Partialled-out:       _cons
                      nb: total SS, model F and R2s are after partialling-out;
                          any small-sample adjustments include partialled-out
                          variables in regressor count K
------------------------------------------------------------------------------

Absorbed degrees of freedom:
-----------------------------------------------------+
 Absorbed FE | Categories  - Redundant  = Num. Coefs |
-------------+---------------------------------------|
        firm |        50           0          50     |
-----------------------------------------------------+


. local b_full = _b[x_endog]

. civreghdfe y (x_endog = z1 z2) x_exog1 x_exog2, absorb(firm) partial(x_exog2)

IV (2SLS) estimation
--------------------

Estimates efficient for homoskedasticity only
Statistics consistent for homoskedasticity only

                                                      Number of obs =      500
                                                      F(  2,   448) =   122.99
                                                      Prob > F      =   0.0000
Total (centered) SS     =  2553.5                     Centered R2   =   0.8258
Total (uncentered) SS   =  2553.5                     Uncentered R2 =   0.8258
Residual SS             =  444.8                      Root MSE      =        1

------------------------------------------------------------------------------
           y | Coefficient  Std. err.      t    P>|t|     [95% conf. interval]
-------------+----------------------------------------------------------------
     x_endog |   2.026423   .1548131    13.09   0.000     1.722173    2.330672
     x_exog1 |   1.098387   .1686276     6.51   0.000     .7669872    1.429786
------------------------------------------------------------------------------
Underidentification test (Anderson canon. corr. LM statistic):          44.417
                                                   Chi-sq(3) P-val =    0.0000
------------------------------------------------------------------------------
Weak identification test (Cragg-Donald Wald F statistic):               14.494
Stock-Yogo weak ID test critical values: 10% maximal IV size             19.93
                                         15% maximal IV size             11.59
                                         20% maximal IV size              8.75
                                         25% maximal IV size              7.25
Source: Stock-Yogo (2005).  Reproduced by permission.
------------------------------------------------------------------------------
Sargan statistic (overidentification test of all instruments):           1.465
                                                   Chi-sq(2) P-val =    0.4807
------------------------------------------------------------------------------
Instrumented:         x_endog
Included instruments: x_exog1 x_exog2
Excluded instruments: z1 z2
Partialled-out:       _cons
                      nb: total SS, model F and R2s are after partialling-out;
                          any small-sample adjustments include partialled-out
                          variables in regressor count K
------------------------------------------------------------------------------

Absorbed degrees of freedom:
-----------------------------------------------------+
 Absorbed FE | Categories  - Redundant  = Num. Coefs |
-------------+---------------------------------------|
        firm |        50           0          50     |
-----------------------------------------------------+


. local b_partial = _b[x_endog]

. local diff = abs(`b_full' - `b_partial')

. if `diff' < 0.01 {
.     di "  PASS (diff=" `diff' ")"
  PASS (diff=.00072457)
.     local tests_passed = `tests_passed' + 1
. }

. else {
.     di "  FAIL: diff=" `diff'
.     local tests_failed = `tests_failed' + 1
. }

. 
. * Test 4: multiple partial vars
. di _n "Test 4: multiple partial vars"

Test 4: multiple partial vars

. gen x_exog3 = rnormal()

. replace y = 2*x_endog + 1.0*x_exog1 + 0.5*x_exog2 + 0.3*x_exog3 + rnormal()
(500 real changes made)

. capture civreghdfe y (x_endog = z1 z2) x_exog1 x_exog2 x_exog3, absorb(firm) 
> partial(x_exog2 x_exog3)

. if _rc == 0 {
.     di "  PASS"
  PASS
.     local tests_passed = `tests_passed' + 1
. }

. else {
.     di "  FAIL: rc=" _rc
.     local tests_failed = `tests_failed' + 1
. }

. 
. * Test 5: rejects non-existent
. di _n "Test 5: rejects non-existent"

Test 5: rejects non-existent

. capture civreghdfe y (x_endog = z1 z2) x_exog1, absorb(firm) partial(nonexist
> ent)

. if _rc != 0 {
.     di "  PASS"
  PASS
.     local tests_passed = `tests_passed' + 1
. }

. else {
.     di "  FAIL"
.     local tests_failed = `tests_failed' + 1
. }

. 
. * Test 6: rejects endogenous
. di _n "Test 6: rejects endogenous"

Test 6: rejects endogenous

. capture civreghdfe y (x_endog = z1 z2) x_exog1, absorb(firm) partial(x_endog)

. if _rc != 0 {
.     di "  PASS"
  PASS
.     local tests_passed = `tests_passed' + 1
. }

. else {
.     di "  FAIL"
.     local tests_failed = `tests_failed' + 1
. }

. 
. di _n "============================="

=============================

. di "Tests passed: `tests_passed'"
Tests passed: 6

. di "Tests failed: `tests_failed'"
Tests failed: 0

. di "============================="
=============================

. 
end of do-file
