
  ___  ____  ____  ____  ____ ®
 /__    /   ____/   /   ____/      StataNow 18.5
___/   /   /___/   /   /___/       MP—Parallel Edition

 Statistics and Data Science       Copyright 1985-2023 StataCorp LLC
                                   StataCorp
                                   4905 Lakeway Drive
                                   College Station, Texas 77845 USA
                                   800-782-8272        https://www.stata.com
                                   979-696-4600        service@stata.com

Stata license: Unlimited-user 16-core network, expiring  2 Jul 2026
Serial number: 501909320077
  Licensed to: Michael Droste
               Stanford University GSB

Notes:
      1. Stata is running in batch mode.
      2. Unicode is supported; see help unicode_advice.
      3. More than 2 billion observations are allowed; see help obs_advice.
      4. Maximum number of variables is set to 5,000 but can be increased;
          see help set_maxvar.


Running /Users/Mike/Documents/Stata/profile.do ...

. do /tmp/test_cexport_final.do 

. clear all

. set more off

. program drop _all

. adopath ++ "./build"
  [1]              "./build"
  [2]  (BASE)      "/Applications/Stata/ado/base/"
  [3]  (SITE)      "/Applications/Stata/ado/site/"
  [4]              "."
  [5]  (PERSONAL)  "/Users/Mike/Documents/Stata/ado/personal/"
  [6]  (PLUS)      "/Users/Mike/Library/Application Support/Stata/ado/plus/"
  [7]  (OLDPLACE)  "~/ado/"

. 
. sysuse auto, clear
(1978 automobile data)

. 
. * Test cexport
. capture noisily cexport delimited using "/tmp/test_final.csv", replace verbos
> e

------------------------------------------------------------
cexport delimited: High-Performance CSV Export
------------------------------------------------------------
File:       /tmp/test_final.csv
Variables:  12
Obs:        74
Delimiter:  ,
Header:     yes
Quoting:    as needed
------------------------------------------------------------

invalid syntax

. di "Return code: " _rc
Return code: 198

. 
. * Check if file exists
. capture confirm file "/tmp/test_final.csv"

. if _rc == 0 {
.     di "File created!"
.     shell head -2 "/tmp/test_final.csv"
. }

. 
end of do-file
