
  ___  ____  ____  ____  ____ ®
 /__    /   ____/   /   ____/      StataNow 18.5
___/   /   /___/   /   /___/       MP—Parallel Edition

 Statistics and Data Science       Copyright 1985-2023 StataCorp LLC
                                   StataCorp
                                   4905 Lakeway Drive
                                   College Station, Texas 77845 USA
                                   800-782-8272        https://www.stata.com
                                   979-696-4600        service@stata.com

Stata license: Unlimited-user 16-core network, expiring  2 Jul 2026
Serial number: 501909320077
  Licensed to: Michael Droste
               Stanford University GSB

Notes:
      1. Stata is running in batch mode.
      2. Unicode is supported; see help unicode_advice.
      3. More than 2 billion observations are allowed; see help obs_advice.
      4. Maximum number of variables is set to 5,000 but can be increased;
          see help set_maxvar.


Running /Users/Mike/Documents/Stata/profile.do ...

. do /tmp/test_memeff_verify.do 

. clear all

. set more off

. 
. adopath + "/Users/Mike/Documents/GitHub/stata-ctools/build"
  [1]  (BASE)      "/Applications/Stata/ado/base/"
  [2]  (SITE)      "/Applications/Stata/ado/site/"
  [3]              "."
  [4]  (PERSONAL)  "/Users/Mike/Documents/Stata/ado/personal/"
  [5]  (PLUS)      "/Users/Mike/Library/Application Support/Stata/ado/plus/"
  [6]  (OLDPLACE)  "~/ado/"
  [7]              "/Users/Mike/Documents/GitHub/stata-ctools/build"

. 
. * Create small test dataset
. set seed 12345

. set obs 20
Number of observations (_N) was 0, now 20.

. 
. gen sort_key = ceil(runiform() * 100)

. forvalues i = 1/4 {
  2.     gen col`i' = runiform()
  3. }

. 
. * Save original for comparison
. tempfile original

. save "`original'"
file /var/folders/5l/0w9hn2t9637147hqnm7bgk000000gn/T//St58547.000001 saved
    as .dta format

. 
. * Show before sort
. di as text "=== Before csort memeff ==="
=== Before csort memeff ===

. list sort_key col1 in 1/10, noobs

  +---------------------+
  | sort_key       col1 |
  |---------------------|
  |       36   .0038868 |
  |       41   .9400924 |
  |       69   .6912759 |
  |       56   .9186656 |
  |       58   .4197324 |
  |---------------------|
  |       21   .8040955 |
  |        3   .5986309 |
  |       69   .0034476 |
  |       47   .4883178 |
  |       21   .8822047 |
  +---------------------+

. 
. * Run memeff sort
. csort sort_key, memeff

. 
. * Show after sort
. di as text ""


. di as text "=== After csort memeff ==="
=== After csort memeff ===

. list sort_key col1 in 1/10, noobs

  +---------------------+
  | sort_key       col1 |
  |---------------------|
  |        1   .9342622 |
  |        2   .9856864 |
  |        3   .5986309 |
  |        3    .644223 |
  |       11   .6357448 |
  |---------------------|
  |       21   .8040955 |
  |       21   .8822047 |
  |       27   .7001778 |
  |       36   .0038868 |
  |       37   .9978225 |
  +---------------------+

. 
. * Check if sorted
. di as text ""


. di as text "=== Verification ==="
=== Verification ===

. gen _is_sorted = (sort_key >= sort_key[_n-1] | _n == 1)

. count if _is_sorted == 0
  0

. if r(N) > 0 {
.     di as error "FAIL: Data is NOT sorted by sort_key"
.     list if _is_sorted == 0, noobs
. }

. else {
.     di as result "PASS: Data is sorted by sort_key"
PASS: Data is sorted by sort_key
. }

. 
. * Now compare with regular csort
. use "`original'", clear

. csort sort_key

. 
. tempfile standard_sorted

. save "`standard_sorted'"
file /var/folders/5l/0w9hn2t9637147hqnm7bgk000000gn/T//St58547.000002 saved
    as .dta format

. 
. use "`original'", clear

. csort sort_key, memeff

. 
. * Compare datasets
. cf _all using "`standard_sorted'"

. if _rc == 0 {
.     di as result "PASS: memeff produces identical results to standard"
PASS: memeff produces identical results to standard
. }

. else {
.     di as error "FAIL: Results differ!"
. }

. 
end of do-file
