
  ___  ____  ____  ____  ____ ®
 /__    /   ____/   /   ____/      StataNow 18.5
___/   /   /___/   /   /___/       MP—Parallel Edition

 Statistics and Data Science       Copyright 1985-2023 StataCorp LLC
                                   StataCorp
                                   4905 Lakeway Drive
                                   College Station, Texas 77845 USA
                                   800-782-8272        https://www.stata.com
                                   979-696-4600        service@stata.com

Stata license: Unlimited-user 16-core network, expiring  2 Jul 2026
Serial number: 501909320077
  Licensed to: Michael Droste
               Stanford University GSB

Notes:
      1. Stata is running in batch mode.
      2. Unicode is supported; see help unicode_advice.
      3. More than 2 billion observations are allowed; see help obs_advice.
      4. Maximum number of variables is set to 5,000 but can be increased;
          see help set_maxvar.


Running /Users/Mike/Documents/Stata/profile.do ...

. do /tmp/test_simple_civreghdfe2.do 

. * Simple test with debug
. clear all

. set more off

. adopath + "/Users/Mike/Documents/GitHub/stata-ctools/build"
  [1]  (BASE)      "/Applications/Stata/ado/base/"
  [2]  (SITE)      "/Applications/Stata/ado/site/"
  [3]              "."
  [4]  (PERSONAL)  "/Users/Mike/Documents/Stata/ado/personal/"
  [5]  (PLUS)      "/Users/Mike/Library/Application Support/Stata/ado/plus/"
  [6]  (OLDPLACE)  "~/ado/"
  [7]              "/Users/Mike/Documents/GitHub/stata-ctools/build"

. 
. set seed 12345

. set obs 100
Number of observations (_N) was 0, now 100.

. gen firm = ceil(_n/10)

. gen z1 = rnormal()

. gen exog_x = rnormal()

. gen u = rnormal()

. gen endog_x = 0.5*z1 + 0.2*u

. gen y = 1 + 2*endog_x + 1.5*exog_x + 0.5*u + rnormal()

. 
. di "Running civreghdfe with verbose..."
Running civreghdfe with verbose...

. capture noisily civreghdfe y exog_x (endog_x = z1), absorb(firm) verbose

------------------------------------------------------------
civreghdfe: C-Accelerated IV Regression with HDFE
------------------------------------------------------------
Dependent variable:    y exog_x
Endogenous variables:  endog_x (1)
Exogenous variables:    (0)
Excluded instruments:  z1 (1)
Absorbed FE:           firm (1)
Observations:          100
VCE:                   Unadjusted
------------------------------------------------------------
Estimation method:     2SLS
civreghdfe: N=100, K_endog=1, K_exog=0, K_iv=1, G=1
civreghdfe: 100 valid observations (dropped 0)
civreghdfe: No singletons found
civreghdfe: Partialling out fixed effects...
civreghdfe: Fixed effects partialled out
civreghdfe: Computing 2SLS estimation
  N=100, K_exog=0, K_endog=1, K_iv=1
  beta[0] = 9.75737
  First-stage F[0] = 0.676915 (R^2 = 0.00707501)
civreghdfe: Done
conformability error

. di "Return code: " _rc
Return code: 503

. if _rc != 0 {
.     di "Error occurred!"
Error occurred!
. }

. else {
.     di "Done successfully!"
. }

. 
end of do-file
