
  ___  ____  ____  ____  ____ ®
 /__    /   ____/   /   ____/      StataNow 18.5
___/   /   /___/   /   /___/       MP—Parallel Edition

 Statistics and Data Science       Copyright 1985-2023 StataCorp LLC
                                   StataCorp
                                   4905 Lakeway Drive
                                   College Station, Texas 77845 USA
                                   800-782-8272        https://www.stata.com
                                   979-696-4600        service@stata.com

Stata license: Unlimited-user 16-core network, expiring  2 Jul 2026
Serial number: 501909320077
  Licensed to: Michael Droste
               Stanford University GSB

Notes:
      1. Stata is running in batch mode.
      2. Unicode is supported; see help unicode_advice.
      3. More than 2 billion observations are allowed; see help obs_advice.
      4. Maximum number of variables is set to 5,000 but can be increased;
          see help set_maxvar.


Running /Users/Mike/Documents/Stata/profile.do ...

. do /tmp/test_perf_memeff.do 

. clear all

. set more off

. 
. adopath + "/Users/Mike/Documents/GitHub/stata-ctools/build"
  [1]  (BASE)      "/Applications/Stata/ado/base/"
  [2]  (SITE)      "/Applications/Stata/ado/site/"
  [3]              "."
  [4]  (PERSONAL)  "/Users/Mike/Documents/Stata/ado/personal/"
  [5]  (PLUS)      "/Users/Mike/Library/Application Support/Stata/ado/plus/"
  [6]  (OLDPLACE)  "~/ado/"
  [7]              "/Users/Mike/Documents/GitHub/stata-ctools/build"

. 
. * Performance test - 10M observations, 15 variables
. local nobs = 10000000

. local nvars = 15

. 
. di as text "Creating dataset with `nobs' obs, `nvars' vars..."
Creating dataset with 10000000 obs, 15 vars...

. set seed 12345

. set obs `nobs'
Number of observations (_N) was 0, now 10,000,000.

. 
. gen sort_key = ceil(runiform() * 1000000)

. forvalues i = 1/14 {
  2.     gen col`i' = runiform()
  3. }

. di as text "Dataset created."
Dataset created.

. 
. * Save original
. tempfile original

. save "`original'"
file /var/folders/5l/0w9hn2t9637147hqnm7bgk000000gn/T//St73418.000001 saved
    as .dta format

. 
. * Test 1: Standard csort
. di as text ""


. di as text "=== Standard csort ==="
=== Standard csort ===

. use "`original'", clear

. 
. timer clear 1

. timer on 1

. csort sort_key, timeit

-------------------------------------------------------
csort timing breakdown:
-------------------------------------------------------
  C plugin internals:
    Data load:                0.0879 sec
    Sort (compute order):     0.0747 sec
    Sort (apply permute):     0.1610 sec
    Data store:               0.0826 sec
    Memory cleanup:           0.0071 sec
  -----------------------------------------------------
    C plugin total:           0.4133 sec
  -----------------------------------------------------
  Stata overhead:
    Pre-plugin parsing:       0.1210 sec
    Plugin call overhead:     0.0007 sec
    Post-plugin sort:         0.0840 sec
  -----------------------------------------------------
    Stata overhead total:     0.2057 sec
-------------------------------------------------------
    Wall clock total:         0.6190 sec
-------------------------------------------------------

. timer off 1

. 
. quietly timer list 1

. di as text "Standard total: " as result %8.4f r(t1) " sec"
Standard total:   0.6230 sec

. 
. tempfile standard_sorted

. save "`standard_sorted'"
file /var/folders/5l/0w9hn2t9637147hqnm7bgk000000gn/T//St73418.000002 saved
    as .dta format

. 
. * Test 2: Memeff csort  
. di as text ""


. di as text "=== Memeff csort ==="
=== Memeff csort ===

. use "`original'", clear

. 
. timer clear 2

. timer on 2

. csort sort_key, timeit memeff

-------------------------------------------------------
csort timing breakdown (memory-efficient mode):
-------------------------------------------------------
  C plugin internals:
    Load key vars:            0.0392 sec
    Sort (compute order):     0.0653 sec
    Permute keys in C:        0.0402 sec
    Store sorted keys:        0.0263 sec
    Stream non-key vars:      0.3828 sec
  -----------------------------------------------------
    C plugin total:           0.5551 sec
  -----------------------------------------------------
  Stata overhead:
    Pre-plugin parsing:       0.0060 sec
    Plugin call overhead:    -0.0001 sec
    Post-plugin sort:         0.0860 sec
  -----------------------------------------------------
    Stata overhead total:     0.0919 sec
-------------------------------------------------------
    Wall clock total:         0.6470 sec
-------------------------------------------------------

. timer off 2

. 
. quietly timer list 2

. di as text "Memeff total: " as result %8.4f r(t2) " sec"
Memeff total:   0.6470 sec

. 
. * Verify correctness
. cf _all using "`standard_sorted'"

. if _rc == 0 {
.     di as result "PASS: Results match"
PASS: Results match
. }

. else {
.     di as error "FAIL: Results differ!"
. }

. 
. * Compare times
. quietly timer list 1

. local t1 = r(t1)

. quietly timer list 2

. local t2 = r(t2)

. 
. di as text ""


. di as text "=== Summary ==="
=== Summary ===

. di as text "Standard: " as result %8.4f `t1' " sec"
Standard:   0.6230 sec

. di as text "Memeff:   " as result %8.4f `t2' " sec"
Memeff:     0.6470 sec

. if `t2' < `t1' {
.     local speedup = `t1' / `t2'
.     di as text "Memeff is " as result %5.2f `speedup' "x faster"
. }

. else {
.     local slowdown = `t2' / `t1'
.     di as text "Memeff is " as result %5.2f `slowdown' "x slower"
Memeff is  1.04x slower
. }

. 
end of do-file
