
  ___  ____  ____  ____  ____ ®
 /__    /   ____/   /   ____/      StataNow 18.5
___/   /   /___/   /   /___/       MP—Parallel Edition

 Statistics and Data Science       Copyright 1985-2023 StataCorp LLC
                                   StataCorp
                                   4905 Lakeway Drive
                                   College Station, Texas 77845 USA
                                   800-782-8272        https://www.stata.com
                                   979-696-4600        service@stata.com

Stata license: Unlimited-user 16-core network, expiring  2 Jul 2026
Serial number: 501909320077
  Licensed to: Michael Droste
               Stanford University GSB

Notes:
      1. Stata is running in batch mode.
      2. Unicode is supported; see help unicode_advice.
      3. More than 2 billion observations are allowed; see help obs_advice.
      4. Maximum number of variables is set to 5,000 but can be increased;
          see help set_maxvar.


Running /Users/Mike/Documents/Stata/profile.do ...

. do /tmp/test_cluster.do 

. * Test with clustering
. clear all

. set more off

. adopath + "/Users/Mike/Documents/GitHub/stata-ctools/build"
  [1]  (BASE)      "/Applications/Stata/ado/base/"
  [2]  (SITE)      "/Applications/Stata/ado/site/"
  [3]              "."
  [4]  (PERSONAL)  "/Users/Mike/Documents/Stata/ado/personal/"
  [5]  (PLUS)      "/Users/Mike/Library/Application Support/Stata/ado/plus/"
  [6]  (OLDPLACE)  "~/ado/"
  [7]              "/Users/Mike/Documents/GitHub/stata-ctools/build"

. 
. set seed 12345

. set obs 500
Number of observations (_N) was 0, now 500.

. gen firm = ceil(_n/10)

. gen year = mod(_n-1, 10) + 2000

. gen z1 = rnormal()

. gen z2 = rnormal()

. gen x = rnormal()

. gen u = rnormal()

. gen endog_x = 0.5*z1 + 0.3*z2 + 0.2*u

. gen y = 1 + 2*endog_x + 1.5*x + 0.5*u + rnormal()

. 
. di _n "===================="

====================

. di "Test: Two FEs with clustering on firm (FE nested in cluster)"
Test: Two FEs with clustering on firm (FE nested in cluster)

. di "===================="
====================

. civreghdfe y (endog_x = z1 z2) x, absorb(firm year) vce(cluster firm)

IV (2SLS) estimation
--------------------

Estimates efficient for homoskedasticity only
Statistics robust to heteroskedasticity and clustering on firm

Number of clusters (firm) =        50                 Number of obs =      500
                                                      F(  2,    49) =   734.38
                                                      Prob > F      =   0.0000
Total (centered) SS     =  2237.9                     Centered R2   =   0.7717
Total (uncentered) SS   =  2237.9                     Uncentered R2 =   0.7717
Residual SS             =  511.0                      Root MSE      =        1

                                  (Std. err. adjusted for 50 clusters in firm)
------------------------------------------------------------------------------
             |               Cluster
           y | Coefficient  std. err.      t    P>|t|     [95% conf. interval]
-------------+----------------------------------------------------------------
     endog_x |   2.068094   .0878361    23.54   0.000     1.895462    2.240726
           x |   1.481562    .054132    27.37   0.000     1.375172    1.587952
------------------------------------------------------------------------------
Underidentification test (Kleibergen-Paap rk LM statistic):             40.396
                                                   Chi-sq(2) P-val =    0.0000
------------------------------------------------------------------------------
Weak identification test (Cragg-Donald Wald F statistic):             2341.137
                         (Kleibergen-Paap rk Wald F statistic):       2664.186
Stock-Yogo weak ID test critical values: 10% maximal IV size             19.93
                                         15% maximal IV size             11.59
                                         20% maximal IV size              8.75
                                         25% maximal IV size              7.25
Source: Stock-Yogo (2005).  Reproduced by permission.
NB: Critical values are for Cragg-Donald F statistic and i.i.d. errors.
------------------------------------------------------------------------------
Hansen J statistic (overidentification test of all instruments):         0.050
                                                   Chi-sq(1) P-val =    0.8230
------------------------------------------------------------------------------
Instrumented:         endog_x
Included instruments: x
Excluded instruments: z1 z2
Partialled-out:       _cons
                      nb: total SS, model F and R2s are after partialling-out;
                          any small-sample adjustments include partialled-out
                          variables in regressor count K
------------------------------------------------------------------------------

Absorbed degrees of freedom:
-----------------------------------------------------+
 Absorbed FE | Categories  - Redundant  = Num. Coefs |
-------------+---------------------------------------|
        firm |        50          50           0    *|
        year |        10           1           9     |
-----------------------------------------------------+
* = FE nested within cluster; treated as redundant for DoF computation


. 
. di _n "Test passed!"

Test passed!

. 
end of do-file
