
  ___  ____  ____  ____  ____ ®
 /__    /   ____/   /   ____/      StataNow 18.5
___/   /   /___/   /   /___/       MP—Parallel Edition

 Statistics and Data Science       Copyright 1985-2023 StataCorp LLC
                                   StataCorp
                                   4905 Lakeway Drive
                                   College Station, Texas 77845 USA
                                   800-782-8272        https://www.stata.com
                                   979-696-4600        service@stata.com

Stata license: Unlimited-user 16-core network, expiring  2 Jul 2026
Serial number: 501909320077
  Licensed to: Michael Droste
               Stanford University GSB

Notes:
      1. Stata is running in batch mode.
      2. Unicode is supported; see help unicode_advice.
      3. More than 2 billion observations are allowed; see help obs_advice.
      4. Maximum number of variables is set to 5,000 but can be increased;
          see help set_maxvar.


Running /Users/Mike/Documents/Stata/profile.do ...

. do /tmp/test_twoway_cluster.do 

. * Test two-way clustering in civreghdfe
. clear all

. set more off

. adopath + "/Users/Mike/Documents/GitHub/stata-ctools/build"
  [1]  (BASE)      "/Applications/Stata/ado/base/"
  [2]  (SITE)      "/Applications/Stata/ado/site/"
  [3]              "."
  [4]  (PERSONAL)  "/Users/Mike/Documents/Stata/ado/personal/"
  [5]  (PLUS)      "/Users/Mike/Library/Application Support/Stata/ado/plus/"
  [6]  (OLDPLACE)  "~/ado/"
  [7]              "/Users/Mike/Documents/GitHub/stata-ctools/build"

. 
. * Generate test data with two-way structure (firm x time)
. clear

. set seed 12345

. set obs 500
Number of observations (_N) was 0, now 500.

. 
. * Create firm and time identifiers
. gen firm = ceil(_n / 10)

. gen time = mod(_n - 1, 10) + 1

. 
. * Generate instruments and variables
. gen z1 = runiform()

. gen z2 = rnormal()

. gen x_endog = 0.5*z1 + 0.3*z2 + rnormal()

. gen x_exog = runiform()

. gen y = 2*x_endog + 1.5*x_exog + rnormal()

. 
. * Test basic two-way clustering
. di as text _n "Test 1: Two-way clustering (firm time)"

Test 1: Two-way clustering (firm time)

. capture civreghdfe y (x_endog = z1 z2) x_exog, absorb(firm) vce(cluster firm 
> time)

. if _rc == 0 {
.     di as text "[PASS] Two-way clustering runs without error"
[PASS] Two-way clustering runs without error
.     di as text "  N_clust1 (firm) = " e(N_clust1)
  N_clust1 (firm) = 50
.     di as text "  N_clust2 (time) = " e(N_clust2)
  N_clust2 (time) = 10
.     di as text "  e(vcetype) = " e(vcetype)
  e(vcetype) = Two-way Cluster
.     di as text "  se(x_endog) = " sqrt(e(V)[1,1])
  se(x_endog) = .20357533
. }

. else {
.     di as error "[FAIL] Two-way clustering returned error " _rc
. }

. 
. * Compare to one-way clustering
. di as text _n "Test 2: One-way clustering (firm) for comparison"

Test 2: One-way clustering (firm) for comparison

. civreghdfe y (x_endog = z1 z2) x_exog, absorb(firm) vce(cluster firm)

IV (2SLS) estimation
--------------------

Estimates efficient for homoskedasticity only
Statistics robust to heteroskedasticity and clustering on firm

Number of clusters (firm) =        50                 Number of obs =      500
                                                      F(  2,    49) =   146.37
                                                      Prob > F      =   0.0000
Total (centered) SS     =  2297.5                     Centered R2   =   0.8238
Total (uncentered) SS   =  2297.5                     Uncentered R2 =   0.8238
Residual SS             =  404.8                      Root MSE      =        1

                                  (Std. err. adjusted for 50 clusters in firm)
------------------------------------------------------------------------------
             |               Cluster
           y | Coefficient  std. err.      t    P>|t|     [95% conf. interval]
-------------+----------------------------------------------------------------
     x_endog |   2.038134   .1674547    12.17   0.000     1.709039    2.367228
      x_exog |   1.261746   .1536569     8.21   0.000     .9597688    1.563724
------------------------------------------------------------------------------
Underidentification test (Kleibergen-Paap rk LM statistic):             23.650
                                                   Chi-sq(2) P-val =    0.0000
------------------------------------------------------------------------------
Weak identification test (Cragg-Donald Wald F statistic):               24.016
                         (Kleibergen-Paap rk Wald F statistic):         32.865
Stock-Yogo weak ID test critical values: 10% maximal IV size             19.93
                                         15% maximal IV size             11.59
                                         20% maximal IV size              8.75
                                         25% maximal IV size              7.25
Source: Stock-Yogo (2005).  Reproduced by permission.
NB: Critical values are for Cragg-Donald F statistic and i.i.d. errors.
------------------------------------------------------------------------------
Hansen J statistic (overidentification test of all instruments):         0.746
                                                   Chi-sq(1) P-val =    0.3878
------------------------------------------------------------------------------
Instrumented:         x_endog
Included instruments: x_exog
Excluded instruments: z1 z2
Partialled-out:       _cons
                      nb: total SS, model F and R2s are after partialling-out;
                          any small-sample adjustments include partialled-out
                          variables in regressor count K
------------------------------------------------------------------------------

Absorbed degrees of freedom:
-----------------------------------------------------+
 Absorbed FE | Categories  - Redundant  = Num. Coefs |
-------------+---------------------------------------|
        firm |        50          50           0    *|
-----------------------------------------------------+
* = FE nested within cluster; treated as redundant for DoF computation


. local se_oneway_firm = sqrt(e(V)[1,1])

. di as text "  se(x_endog) with cluster(firm) = " `se_oneway_firm'
  se(x_endog) with cluster(firm) = .16745469

. 
. di as text _n "Test 3: One-way clustering (time) for comparison"

Test 3: One-way clustering (time) for comparison

. civreghdfe y (x_endog = z1 z2) x_exog, absorb(firm) vce(cluster time)

IV (2SLS) estimation
--------------------

Estimates efficient for homoskedasticity only
Statistics robust to heteroskedasticity and clustering on time

Number of clusters (time) =        10                 Number of obs =      500
                                                      F(  2,     9) =   101.18
                                                      Prob > F      =   0.0000
Total (centered) SS     =  2297.5                     Centered R2   =   0.8238
Total (uncentered) SS   =  2297.5                     Uncentered R2 =   0.8238
Residual SS             =  404.8                      Root MSE      =        1

                                  (Std. err. adjusted for 10 clusters in time)
------------------------------------------------------------------------------
             |               Cluster
           y | Coefficient  std. err.      t    P>|t|     [95% conf. interval]
-------------+----------------------------------------------------------------
     x_endog |   2.038134   .1772486    11.50   0.000     1.689792    2.386476
      x_exog |   1.261746   .1767295     7.14   0.000     .9144248    1.609068
------------------------------------------------------------------------------
Underidentification test (Kleibergen-Paap rk LM statistic):              8.342
                                                   Chi-sq(2) P-val =    0.0154
------------------------------------------------------------------------------
Weak identification test (Cragg-Donald Wald F statistic):               21.600
                         (Kleibergen-Paap rk Wald F statistic):         20.531
Stock-Yogo weak ID test critical values: 10% maximal IV size             19.93
                                         15% maximal IV size             11.59
                                         20% maximal IV size              8.75
                                         25% maximal IV size              7.25
Source: Stock-Yogo (2005).  Reproduced by permission.
NB: Critical values are for Cragg-Donald F statistic and i.i.d. errors.
------------------------------------------------------------------------------
Hansen J statistic (overidentification test of all instruments):         0.861
                                                   Chi-sq(1) P-val =    0.3535
------------------------------------------------------------------------------
Instrumented:         x_endog
Included instruments: x_exog
Excluded instruments: z1 z2
Partialled-out:       _cons
                      nb: total SS, model F and R2s are after partialling-out;
                          any small-sample adjustments include partialled-out
                          variables in regressor count K
------------------------------------------------------------------------------

Absorbed degrees of freedom:
-----------------------------------------------------+
 Absorbed FE | Categories  - Redundant  = Num. Coefs |
-------------+---------------------------------------|
        firm |        50           0          50     |
-----------------------------------------------------+


. local se_oneway_time = sqrt(e(V)[1,1])

. di as text "  se(x_endog) with cluster(time) = " `se_oneway_time'
  se(x_endog) with cluster(time) = .17724863

. 
. * Two-way clustering should generally have larger SE than either one-way
. di as text _n "Test 4: Two-way vs one-way SE comparison"

Test 4: Two-way vs one-way SE comparison

. civreghdfe y (x_endog = z1 z2) x_exog, absorb(firm) vce(cluster firm time)

IV (2SLS) estimation
--------------------

Estimates efficient for homoskedasticity only
Statistics robust to heteroskedasticity and two-way clustering on firm and time

Number of clusters (firm) =     50                    Number of obs =      500
Number of clusters (time) =     10
                                                      F(  2,     9) =    92.10
                                                      Prob > F      =   0.0000
Total (centered) SS     =  2297.5                     Centered R2   =   0.8238
Total (uncentered) SS   =  2297.5                     Uncentered R2 =   0.8238
Residual SS             =  404.8                      Root MSE      =        1

                                  (Std. err. adjusted for 50 clusters in firm)
------------------------------------------------------------------------------
             |           Two-way Cluster
           y | Coefficient  std. err.      t    P>|t|     [95% conf. interval]
-------------+----------------------------------------------------------------
     x_endog |   2.038134   .2035753    10.01   0.000     1.638053    2.438215
      x_exog |   1.261746   .1821529     6.93   0.000     .9037663    1.619727
------------------------------------------------------------------------------
Underidentification test (Kleibergen-Paap rk LM statistic):             38.858
                                                   Chi-sq(2) P-val =    0.0000
------------------------------------------------------------------------------
Weak identification test (Cragg-Donald Wald F statistic):               21.600
                         (Kleibergen-Paap rk Wald F statistic):         22.241
Stock-Yogo weak ID test critical values: 10% maximal IV size             19.93
                                         15% maximal IV size             11.59
                                         20% maximal IV size              8.75
                                         25% maximal IV size              7.25
Source: Stock-Yogo (2005).  Reproduced by permission.
NB: Critical values are for Cragg-Donald F statistic and i.i.d. errors.
------------------------------------------------------------------------------
Hansen J statistic (overidentification test of all instruments):         0.691
                                                   Chi-sq(1) P-val =    0.4057
------------------------------------------------------------------------------
Instrumented:         x_endog
Included instruments: x_exog
Excluded instruments: z1 z2
Partialled-out:       _cons
                      nb: total SS, model F and R2s are after partialling-out;
                          any small-sample adjustments include partialled-out
                          variables in regressor count K
------------------------------------------------------------------------------

Absorbed degrees of freedom:
-----------------------------------------------------+
 Absorbed FE | Categories  - Redundant  = Num. Coefs |
-------------+---------------------------------------|
        firm |        50           0          50     |
-----------------------------------------------------+


. local se_twoway = sqrt(e(V)[1,1])

. di as text "  se(x_endog) with cluster(firm time) = " `se_twoway'
  se(x_endog) with cluster(firm time) = .20357533

. di as text "  se_twoway >= max(se_firm, se_time)? " cond(`se_twoway' >= max(`
> se_oneway_firm', `se_oneway_time') - 0.0001, "Yes", "No")
  se_twoway >= max(se_firm, se_time)? Yes

. 
. di as text _n "Two-way clustering test complete."

Two-way clustering test complete.

. 
end of do-file
