
  ___  ____  ____  ____  ____ ®
 /__    /   ____/   /   ____/      StataNow 18.5
___/   /   /___/   /   /___/       MP—Parallel Edition

 Statistics and Data Science       Copyright 1985-2023 StataCorp LLC
                                   StataCorp
                                   4905 Lakeway Drive
                                   College Station, Texas 77845 USA
                                   800-782-8272        https://www.stata.com
                                   979-696-4600        service@stata.com

Stata license: Unlimited-user 16-core network, expiring  2 Jul 2026
Serial number: 501909320077
  Licensed to: Michael Droste
               Stanford University GSB

Notes:
      1. Stata is running in batch mode.
      2. Unicode is supported; see help unicode_advice.
      3. More than 2 billion observations are allowed; see help obs_advice.
      4. Maximum number of variables is set to 5,000 but can be increased;
          see help set_maxvar.


Running /Users/Mike/Documents/Stata/profile.do ...

. do /tmp/test_display_validation.do 

. * Test just the display options section
. clear all

. set more off

. adopath + "/Users/Mike/Documents/GitHub/stata-ctools/build"
  [1]  (BASE)      "/Applications/Stata/ado/base/"
  [2]  (SITE)      "/Applications/Stata/ado/site/"
  [3]              "."
  [4]  (PERSONAL)  "/Users/Mike/Documents/Stata/ado/personal/"
  [5]  (PLUS)      "/Users/Mike/Library/Application Support/Stata/ado/plus/"
  [6]  (OLDPLACE)  "~/ado/"
  [7]              "/Users/Mike/Documents/GitHub/stata-ctools/build"

. 
. global TESTS_PASSED = 0

. global TESTS_FAILED = 0

. global TESTS_TOTAL = 0

. 
. capture program drop test_pass

. program define test_pass
  1.     args msg
  2.     global TESTS_PASSED = $TESTS_PASSED + 1
  3.     global TESTS_TOTAL = $TESTS_TOTAL + 1
  4.     di as text "[PASS] `msg'"
  5. end

. 
. capture program drop test_fail

. program define test_fail
  1.     args name reason
  2.     global TESTS_FAILED = $TESTS_FAILED + 1
  3.     global TESTS_TOTAL = $TESTS_TOTAL + 1
  4.     di as error "[FAIL] `name': `reason'"
  5. end

. 
. * Test level()
. sysuse auto, clear
(1978 automobile data)

. civreghdfe price (mpg = weight), absorb(foreign) level(90)

IV (2SLS) estimation
--------------------

Estimates efficient for homoskedasticity only
Statistics consistent for homoskedasticity only

                                                      Number of obs =       74
                                                      F(  1,    71) =    41.02
                                                      Prob > F      =   0.0000
Total (centered) SS     =  633558013.5                Centered R2   =   0.1386
Total (uncentered) SS   =  633558013.5                Uncentered R2 =   0.1386
Residual SS             =  545772312.9                Root MSE      =     2773

------------------------------------------------------------------------------
       price | Coefficient  Std. err.      t    P>|t|     [90% conf. interval]
-------------+----------------------------------------------------------------
         mpg |  -504.0671   78.69864    -6.41   0.000    -635.2262    -372.908
------------------------------------------------------------------------------
Underidentification test (Anderson canon. corr. LM statistic):          44.470
                                                   Chi-sq(1) P-val =    0.0000
------------------------------------------------------------------------------
Weak identification test (Cragg-Donald Wald F statistic):              106.920
Stock-Yogo weak ID test critical values: 10% maximal IV size             16.38
                                         15% maximal IV size              8.96
                                         20% maximal IV size              6.66
                                         25% maximal IV size              5.53
Source: Stock-Yogo (2005).  Reproduced by permission.
------------------------------------------------------------------------------
Sargan statistic (overidentification test of all instruments):           0.000
                                                 (equation exactly identified)
------------------------------------------------------------------------------
Instrumented:         mpg
Excluded instruments: weight
Partialled-out:       _cons
                      nb: total SS, model F and R2s are after partialling-out;
                          any small-sample adjustments include partialled-out
                          variables in regressor count K
------------------------------------------------------------------------------

Absorbed degrees of freedom:
-----------------------------------------------------+
 Absorbed FE | Categories  - Redundant  = Num. Coefs |
-------------+---------------------------------------|
     foreign |         2           0           2     |
-----------------------------------------------------+


. if e(level) == 90 {
.     test_pass "level(90) sets correct confidence level"
[PASS] level(90) sets correct confidence level
. }

. else {
.     test_fail "level(90)" "e(level) = `e(level)' instead of 90"
. }

. 
. * Test noheader
. sysuse auto, clear
(1978 automobile data)

. capture civreghdfe price (mpg = weight), absorb(foreign) noheader

. if _rc == 0 {
.     test_pass "noheader option accepted"
[PASS] noheader option accepted
. }

. else {
.     test_fail "noheader" "returned error `=_rc'"
. }

. 
. * Test nofooter
. sysuse auto, clear
(1978 automobile data)

. capture civreghdfe price (mpg = weight), absorb(foreign) nofooter

. if _rc == 0 {
.     test_pass "nofooter option accepted"
[PASS] nofooter option accepted
. }

. else {
.     test_fail "nofooter" "returned error `=_rc'"
. }

. 
. * Test nooutput
. sysuse auto, clear
(1978 automobile data)

. capture civreghdfe price (mpg = weight), absorb(foreign) nooutput

. if _rc == 0 & e(N) > 0 {
.     test_pass "nooutput option accepted and stores e(N)"
[PASS] nooutput option accepted and stores e(N)
. }

. else {
.     test_fail "nooutput" "returned error or missing e(N)"
. }

. 
. * Test title()
. sysuse auto, clear
(1978 automobile data)

. capture civreghdfe price (mpg = weight), absorb(foreign) title("Custom Title 
> Test")

. if _rc == 0 {
.     test_pass "title() option accepted"
[PASS] title() option accepted
. }

. else {
.     test_fail "title()" "returned error `=_rc'"
. }

. 
. * Test depname()
. sysuse auto, clear
(1978 automobile data)

. civreghdfe price (mpg = weight), absorb(foreign) depname("outcome_var")

IV (2SLS) estimation
--------------------

Estimates efficient for homoskedasticity only
Statistics consistent for homoskedasticity only

                                                      Number of obs =       74
                                                      F(  1,    71) =    41.02
                                                      Prob > F      =   0.0000
Total (centered) SS     =  633558013.5                Centered R2   =   0.1386
Total (uncentered) SS   =  633558013.5                Uncentered R2 =   0.1386
Residual SS             =  545772312.9                Root MSE      =     2773

------------------------------------------------------------------------------
 outcome_var | Coefficient  Std. err.      t    P>|t|     [95% conf. interval]
-------------+----------------------------------------------------------------
         mpg |  -504.0671   78.69864    -6.41   0.000    -660.9877   -347.1465
------------------------------------------------------------------------------
Underidentification test (Anderson canon. corr. LM statistic):          44.470
                                                   Chi-sq(1) P-val =    0.0000
------------------------------------------------------------------------------
Weak identification test (Cragg-Donald Wald F statistic):              106.920
Stock-Yogo weak ID test critical values: 10% maximal IV size             16.38
                                         15% maximal IV size              8.96
                                         20% maximal IV size              6.66
                                         25% maximal IV size              5.53
Source: Stock-Yogo (2005).  Reproduced by permission.
------------------------------------------------------------------------------
Sargan statistic (overidentification test of all instruments):           0.000
                                                 (equation exactly identified)
------------------------------------------------------------------------------
Instrumented:         mpg
Excluded instruments: weight
Partialled-out:       _cons
                      nb: total SS, model F and R2s are after partialling-out;
                          any small-sample adjustments include partialled-out
                          variables in regressor count K
------------------------------------------------------------------------------

Absorbed degrees of freedom:
-----------------------------------------------------+
 Absorbed FE | Categories  - Redundant  = Num. Coefs |
-------------+---------------------------------------|
     foreign |         2           0           2     |
-----------------------------------------------------+


. if "`e(depvar)'" == "outcome_var" {
.     test_pass "depname() sets e(depvar) correctly"
[PASS] depname() sets e(depvar) correctly
. }

. else {
.     test_fail "depname()" "e(depvar) = `e(depvar)' instead of outcome_var"
. }

. 
. * Test noid
. sysuse auto, clear
(1978 automobile data)

. civreghdfe price (mpg = weight length), absorb(foreign) noid

IV (2SLS) estimation
--------------------

Estimates efficient for homoskedasticity only
Statistics consistent for homoskedasticity only

                                                      Number of obs =       74
                                                      F(  1,    71) =    38.44
                                                      Prob > F      =   0.0000
Total (centered) SS     =  633558013.5                Centered R2   =   0.1802
Total (uncentered) SS   =  633558013.5                Uncentered R2 =   0.1802
Residual SS             =  519411935.2                Root MSE      =     2705

------------------------------------------------------------------------------
       price | Coefficient  Std. err.      t    P>|t|     [95% conf. interval]
-------------+----------------------------------------------------------------
         mpg |  -471.0645    75.9828    -6.20   0.000    -622.5699   -319.5592
------------------------------------------------------------------------------
Weak identification test (Cragg-Donald Wald F statistic):               55.564
Stock-Yogo weak ID test critical values: 10% maximal IV size             19.93
                                         15% maximal IV size             11.59
                                         20% maximal IV size              8.75
                                         25% maximal IV size              7.25
Source: Stock-Yogo (2005).  Reproduced by permission.
------------------------------------------------------------------------------
Sargan statistic (overidentification test of all instruments):           9.386
                                                   Chi-sq(1) P-val =    0.0022
------------------------------------------------------------------------------
Instrumented:         mpg
Excluded instruments: weight length
Partialled-out:       _cons
                      nb: total SS, model F and R2s are after partialling-out;
                          any small-sample adjustments include partialled-out
                          variables in regressor count K
------------------------------------------------------------------------------

Absorbed degrees of freedom:
-----------------------------------------------------+
 Absorbed FE | Categories  - Redundant  = Num. Coefs |
-------------+---------------------------------------|
     foreign |         2           0           2     |
-----------------------------------------------------+


. if e(idstat) != . {
.     test_pass "noid suppresses display but e(idstat) still computed"
[PASS] noid suppresses display but e(idstat) still computed
. }

. else {
.     test_fail "noid" "e(idstat) not stored"
. }

. 
. * Test combined options
. sysuse auto, clear
(1978 automobile data)

. capture civreghdfe price (mpg = weight), absorb(foreign) noheader nofooter le
> vel(99)

. if _rc == 0 & e(level) == 99 {
.     test_pass "combined display options work together"
[PASS] combined display options work together
. }

. else {
.     test_fail "combined options" "returned error or wrong level"
. }

. 
. di _n "=============================="

==============================

. di "Display Options Tests Summary"
Display Options Tests Summary

. di "=============================="
==============================

. di "Passed: $TESTS_PASSED"
Passed: 8

. di "Failed: $TESTS_FAILED"
Failed: 0

. di "Total:  $TESTS_TOTAL"
Total:  8

. 
end of do-file
