
  ___  ____  ____  ____  ____ ®
 /__    /   ____/   /   ____/      StataNow 18.5
___/   /   /___/   /   /___/       MP—Parallel Edition

 Statistics and Data Science       Copyright 1985-2023 StataCorp LLC
                                   StataCorp
                                   4905 Lakeway Drive
                                   College Station, Texas 77845 USA
                                   800-782-8272        https://www.stata.com
                                   979-696-4600        service@stata.com

Stata license: Unlimited-user 16-core network, expiring  2 Jul 2026
Serial number: 501909320077
  Licensed to: Michael Droste
               Stanford University GSB

Notes:
      1. Stata is running in batch mode.
      2. Unicode is supported; see help unicode_advice.
      3. More than 2 billion observations are allowed; see help obs_advice.
      4. Maximum number of variables is set to 5,000 but can be increased;
          see help set_maxvar.


Running /Users/Mike/Documents/Stata/profile.do ...

. do /tmp/test_cexport_debug.do 

. clear all

. set more off

. adopath ++ "./build"
  [1]              "./build"
  [2]  (BASE)      "/Applications/Stata/ado/base/"
  [3]  (SITE)      "/Applications/Stata/ado/site/"
  [4]              "."
  [5]  (PERSONAL)  "/Users/Mike/Documents/Stata/ado/personal/"
  [6]  (PLUS)      "/Users/Mike/Library/Application Support/Stata/ado/plus/"
  [7]  (OLDPLACE)  "~/ado/"

. 
. sysuse auto, clear
(1978 automobile data)

. di "Loaded auto: " _N " obs, " c(k) " vars"
Loaded auto: 74 obs, 12 vars

. 
. * Test if plugin loads
. capture program list ctools_plugin

. if _rc != 0 {
.     di "Plugin not loaded, attempting to load..."
Plugin not loaded, attempting to load...
.     capture program ctools_plugin, plugin using("./build/ctools_mac_arm.plugi
> n")
.     di "Load result: " _rc
Load result: 0
. }

. else {
.     di "Plugin already loaded"
. }

. 
. * Try minimal export
. local testfile "/tmp/test_export_debug.csv"

. di "Testing cexport to: `testfile'"
Testing cexport to: /tmp/test_export_debug.csv

. 
. capture noisily cexport delimited using "`testfile'", replace verbose

------------------------------------------------------------
cexport delimited: High-Performance CSV Export
------------------------------------------------------------
File:       /tmp/test_export_debug.csv
Variables:  12
Obs:        74
Delimiter:  ,
Header:     yes
Quoting:    as needed
------------------------------------------------------------

invalid syntax

. di "cexport return code: " _rc
cexport return code: 198

. 
. * Check if file was created
. capture confirm file "`testfile'"

. if _rc == 0 {
.     di "File was created successfully"
.     shell head -3 "`testfile'"
. }

. else {
.     di "File was NOT created"
File was NOT created
. }

. 
end of do-file
