
  ___  ____  ____  ____  ____ ®
 /__    /   ____/   /   ____/      StataNow 18.5
___/   /   /___/   /   /___/       MP—Parallel Edition

 Statistics and Data Science       Copyright 1985-2023 StataCorp LLC
                                   StataCorp
                                   4905 Lakeway Drive
                                   College Station, Texas 77845 USA
                                   800-782-8272        https://www.stata.com
                                   979-696-4600        service@stata.com

Stata license: Unlimited-user 16-core network, expiring  2 Jul 2026
Serial number: 501909320077
  Licensed to: Michael Droste
               Stanford University GSB

Notes:
      1. Stata is running in batch mode.
      2. Unicode is supported; see help unicode_advice.
      3. More than 2 billion observations are allowed; see help obs_advice.
      4. Maximum number of variables is set to 5,000 but can be increased;
          see help set_maxvar.


Running /Users/Mike/Documents/Stata/profile.do ...

. do /tmp/test_diag_options.do 

. * Test diagnostic test options (orthog, endogtest, redundant)
. clear all

. set more off

. adopath + "/Users/Mike/Documents/GitHub/stata-ctools/build"
  [1]  (BASE)      "/Applications/Stata/ado/base/"
  [2]  (SITE)      "/Applications/Stata/ado/site/"
  [3]              "."
  [4]  (PERSONAL)  "/Users/Mike/Documents/Stata/ado/personal/"
  [5]  (PLUS)      "/Users/Mike/Library/Application Support/Stata/ado/plus/"
  [6]  (OLDPLACE)  "~/ado/"
  [7]              "/Users/Mike/Documents/GitHub/stata-ctools/build"

. 
. * Create test data with multiple instruments
. clear

. set seed 12345

. set obs 500
Number of observations (_N) was 0, now 500.

. gen firm = ceil(_n / 10)

. gen z1 = runiform()

. gen z2 = rnormal()

. gen z3 = runiform() + 0.1*rnormal()  // Third instrument

. gen x_endog = 0.5*z1 + 0.3*z2 + 0.2*z3 + rnormal()

. gen x_exog = runiform()

. gen y = 2*x_endog + 1.5*x_exog + rnormal()

. 
. di as text _n "Test 1: Basic civreghdfe (baseline)"

Test 1: Basic civreghdfe (baseline)

. civreghdfe y (x_endog = z1 z2 z3) x_exog, absorb(firm)

IV (2SLS) estimation
--------------------

Estimates efficient for homoskedasticity only
Statistics consistent for homoskedasticity only

                                                      Number of obs =      500
                                                      F(  2,   448) =   198.78
                                                      Prob > F      =   0.0000
Total (centered) SS     =  2458.1                     Centered R2   =   0.8158
Total (uncentered) SS   =  2458.1                     Uncentered R2 =   0.8158
Residual SS             =  452.8                      Root MSE      =        1

------------------------------------------------------------------------------
           y | Coefficient  Std. err.      t    P>|t|     [95% conf. interval]
-------------+----------------------------------------------------------------
     x_endog |    2.19302   .1211151    18.11   0.000     1.954996    2.431044
      x_exog |   1.750793   .1623991    10.78   0.000     1.431634    2.069952
------------------------------------------------------------------------------
Underidentification test (Anderson canon. corr. LM statistic):          73.949
                                                   Chi-sq(3) P-val =    0.0000
------------------------------------------------------------------------------
Weak identification test (Cragg-Donald Wald F statistic):               25.804
Stock-Yogo weak ID test critical values: 10% maximal IV size             22.30
                                         15% maximal IV size             12.83
                                         20% maximal IV size              9.54
                                         25% maximal IV size              7.80
Source: Stock-Yogo (2005).  Reproduced by permission.
------------------------------------------------------------------------------
Sargan statistic (overidentification test of all instruments):           0.562
                                                   Chi-sq(2) P-val =    0.7551
------------------------------------------------------------------------------
Instrumented:         x_endog
Included instruments: x_exog
Excluded instruments: z1 z2 z3
Partialled-out:       _cons
                      nb: total SS, model F and R2s are after partialling-out;
                          any small-sample adjustments include partialled-out
                          variables in regressor count K
------------------------------------------------------------------------------

Absorbed degrees of freedom:
-----------------------------------------------------+
 Absorbed FE | Categories  - Redundant  = Num. Coefs |
-------------+---------------------------------------|
        firm |        50           0          50     |
-----------------------------------------------------+


. di as text "  Sargan = " e(sargan)
  Sargan = .56175173

. 
. di as text _n "Test 2: orthog(z3) - test if z3 is exogenous"

Test 2: orthog(z3) - test if z3 is exogenous

. capture civreghdfe y (x_endog = z1 z2 z3) x_exog, absorb(firm) orthog(z3)

. if _rc == 0 {
.     di as text "  [PASS] orthog() option accepted"
  [PASS] orthog() option accepted
.     capture di as text "  C-statistic = " e(cstat)
.     capture di as text "  C-stat df = " e(cstat_df)
.     capture di as text "  C-stat p-value = " e(cstat_p)
. }

. else {
.     di as error "  [FAIL] orthog() returned error " _rc
. }

. 
. di as text _n "Test 3: noid - suppress underidentification test"

Test 3: noid - suppress underidentification test

. capture civreghdfe y (x_endog = z1 z2 z3) x_exog, absorb(firm) noid

. if _rc == 0 {
.     di as text "  [PASS] noid option accepted"
  [PASS] noid option accepted
. }

. else {
.     di as error "  [FAIL] noid returned error " _rc
. }

. 
. * Test with two endogenous variables for endogtest
. di as text _n "Test 4: Setup for endogtest (two endogenous vars)"

Test 4: Setup for endogtest (two endogenous vars)

. drop x_endog y

. gen x_endog1 = 0.5*z1 + 0.3*z2 + rnormal()

. gen x_endog2 = 0.4*z2 + 0.3*z3 + rnormal()

. gen y = 2*x_endog1 + 1.5*x_endog2 + 1.0*x_exog + rnormal()

. 
. capture civreghdfe y (x_endog1 x_endog2 = z1 z2 z3) x_exog, absorb(firm)

. if _rc == 0 {
.     di as text "  [PASS] Two endogenous variables works"
  [PASS] Two endogenous variables works
. }

. else {
.     di as error "  [FAIL] Two endogenous returned error " _rc
. }

. 
. di as text _n "Test 5: endogtest(x_endog2) - test if x_endog2 is endogenous"

Test 5: endogtest(x_endog2) - test if x_endog2 is endogenous

. capture civreghdfe y (x_endog1 x_endog2 = z1 z2 z3) x_exog, absorb(firm) endo
> gtest(x_endog2)

. if _rc == 0 {
.     di as text "  [PASS] endogtest() option accepted"
  [PASS] endogtest() option accepted
.     capture di as text "  Endogtest stat = " e(endogtest)
.     capture di as text "  Endogtest df = " e(endogtest_df)
.     capture di as text "  Endogtest p = " e(endogtest_p)
. }

. else {
.     di as error "  [FAIL] endogtest() returned error " _rc
. }

. 
. di as text _n "Test 6: redundant(z3) - test if z3 is redundant"

Test 6: redundant(z3) - test if z3 is redundant

. capture civreghdfe y (x_endog1 x_endog2 = z1 z2 z3) x_exog, absorb(firm) redu
> ndant(z3)

. if _rc == 0 {
.     di as text "  [PASS] redundant() option accepted"
  [PASS] redundant() option accepted
.     capture di as text "  Redundancy stat = " e(redund)
.     capture di as text "  Redundancy df = " e(redund_df)
.     capture di as text "  Redundancy p = " e(redund_p)
. }

. else {
.     di as error "  [FAIL] redundant() returned error " _rc
. }

. 
. di as text _n "Diagnostic test options test complete."

Diagnostic test options test complete.

. 
end of do-file
