
  ___  ____  ____  ____  ____ ®
 /__    /   ____/   /   ____/      StataNow 18.5
___/   /   /___/   /   /___/       MP—Parallel Edition

 Statistics and Data Science       Copyright 1985-2023 StataCorp LLC
                                   StataCorp
                                   4905 Lakeway Drive
                                   College Station, Texas 77845 USA
                                   800-782-8272        https://www.stata.com
                                   979-696-4600        service@stata.com

Stata license: Unlimited-user 16-core network, expiring  2 Jul 2026
Serial number: 501909320077
  Licensed to: Michael Droste
               Stanford University GSB

Notes:
      1. Stata is running in batch mode.
      2. Unicode is supported; see help unicode_advice.
      3. More than 2 billion observations are allowed; see help obs_advice.
      4. Maximum number of variables is set to 5,000 but can be increased;
          see help set_maxvar.


Running /Users/Mike/Documents/Stata/profile.do ...

. do /tmp/test_tab.do 

. clear all

. set more off

. adopath ++ build
  [1]              "build"
  [2]  (BASE)      "/Applications/Stata/ado/base/"
  [3]  (SITE)      "/Applications/Stata/ado/site/"
  [4]              "."
  [5]  (PERSONAL)  "/Users/Mike/Documents/Stata/ado/personal/"
  [6]  (PLUS)      "/Users/Mike/Library/Application Support/Stata/ado/plus/"
  [7]  (OLDPLACE)  "~/ado/"

. 
. * Create tab-delimited file
. clear

. input str20 name x y

                     name          x          y
  1. "Alice" 1 10
  2. "Bob" 2 20
  3. "Carol" 3 30
  4. end

. tempfile csvfile

. local csvpath = "`csvfile'.csv"

. export delimited using `csvpath', delimiter(tab) replace
(file /var/folders/5l/0w9hn2t9637147hqnm7bgk000000gn/T//St72866.000001.csv
    not found)
file /var/folders/5l/0w9hn2t9637147hqnm7bgk000000gn/T//St72866.000001.csv saved

. 
. * Test Stata import
. clear

. import delimited using `csvpath', delimiters(tab) varnames(1)
(encoding automatically selected: ISO-8859-2)
(3 vars, 3 obs)

. di "Stata import: N=`=_N' K=`=c(k)'"
Stata import: N=3 K=3

. list

     +----------------+
     |  name   x    y |
     |----------------|
  1. | Alice   1   10 |
  2. |   Bob   2   20 |
  3. | Carol   3   30 |
     +----------------+

. 
. * Test cimport
. clear

. capture noisily cimport delimited using `csvpath', delimiters(tab) varnames(1
> )
Scanned 3 rows, 3 columns
Loaded 3 observations
(           3 observations read)

. di "Return code: `=_rc'"
Return code: 0

. if _rc == 0 {
.     di "cimport: N=`=_N' K=`=c(k)'"
cimport: N=3 K=3
.     list

     +----------------+
     |  name   x    y |
     |----------------|
  1. | Alice   1   10 |
  2. |   Bob   2   20 |
  3. | Carol   3   30 |
     +----------------+
. }

. 
end of do-file
