
  ___  ____  ____  ____  ____ ®
 /__    /   ____/   /   ____/      StataNow 18.5
___/   /   /___/   /   /___/       MP—Parallel Edition

 Statistics and Data Science       Copyright 1985-2023 StataCorp LLC
                                   StataCorp
                                   4905 Lakeway Drive
                                   College Station, Texas 77845 USA
                                   800-782-8272        https://www.stata.com
                                   979-696-4600        service@stata.com

Stata license: Unlimited-user 16-core network, expiring  2 Jul 2026
Serial number: 501909320077
  Licensed to: Michael Droste
               Stanford University GSB

Notes:
      1. Stata is running in batch mode.
      2. Unicode is supported; see help unicode_advice.
      3. More than 2 billion observations are allowed; see help obs_advice.
      4. Maximum number of variables is set to 5,000 but can be increased;
          see help set_maxvar.


Running /Users/Mike/Documents/Stata/profile.do ...

. do /tmp/test_cexport_debug3.do 

. clear all

. set more off

. adopath ++ "./build"
  [1]              "./build"
  [2]  (BASE)      "/Applications/Stata/ado/base/"
  [3]  (SITE)      "/Applications/Stata/ado/site/"
  [4]              "."
  [5]  (PERSONAL)  "/Users/Mike/Documents/Stata/ado/personal/"
  [6]  (PLUS)      "/Users/Mike/Library/Application Support/Stata/ado/plus/"
  [7]  (OLDPLACE)  "~/ado/"

. 
. sysuse auto, clear
(1978 automobile data)

. 
. * Load plugin
. capture program ctools_plugin, plugin using("./build/ctools_mac_arm.plugin")

. 
. local testfile "/tmp/test_debug3.csv"

. local delimiter ","

. qui ds

. local varlist `r(varlist)'

. 
. * Test 1: Without if/in (this works)
. di _n "Test 1: Without if/in"

Test 1: Without if/in

. capture noisily plugin call ctools_plugin `varlist', "cexport `testfile' `del
> imiter'"

. di "Result: " _rc
Result: 0

. 
. * Test 2: With empty if/in (might fail?)
. local if ""

. local in ""

. di _n "Test 2: With empty if/in"

Test 2: With empty if/in

. capture noisily plugin call ctools_plugin `varlist' `if' `in', "cexport `test
> file' `delimiter'"

. di "Result: " _rc
Result: 0

. 
. * Test 3: Through the ado file
. di _n "Test 3: Through ado file"

Test 3: Through ado file

. capture noisily cexport delimited using "`testfile'", replace
invalid syntax

. di "Result: " _rc
Result: 198

. 
. * Check file
. capture confirm file "`testfile'"

. if _rc == 0 {
.     di "File exists"
File exists
.     shell wc -l "`testfile'"

      75 /tmp/test_debug3.csv
. }

. 
end of do-file
