
  ___  ____  ____  ____  ____ ®
 /__    /   ____/   /   ____/      StataNow 18.5
___/   /   /___/   /   /___/       MP—Parallel Edition

 Statistics and Data Science       Copyright 1985-2023 StataCorp LLC
                                   StataCorp
                                   4905 Lakeway Drive
                                   College Station, Texas 77845 USA
                                   800-782-8272        https://www.stata.com
                                   979-696-4600        service@stata.com

Stata license: Unlimited-user 16-core network, expiring  2 Jul 2026
Serial number: 501909320077
  Licensed to: Michael Droste
               Stanford University GSB

Notes:
      1. Stata is running in batch mode.
      2. Unicode is supported; see help unicode_advice.
      3. More than 2 billion observations are allowed; see help obs_advice.
      4. Maximum number of variables is set to 5,000 but can be increased;
          see help set_maxvar.


Running /Users/Mike/Documents/Stata/profile.do ...

. do /tmp/test_large_memeff.do 

. clear all

. set more off

. 
. adopath + "/Users/Mike/Documents/GitHub/stata-ctools/build"
  [1]  (BASE)      "/Applications/Stata/ado/base/"
  [2]  (SITE)      "/Applications/Stata/ado/site/"
  [3]              "."
  [4]  (PERSONAL)  "/Users/Mike/Documents/Stata/ado/personal/"
  [5]  (PLUS)      "/Users/Mike/Library/Application Support/Stata/ado/plus/"
  [6]  (OLDPLACE)  "~/ado/"
  [7]              "/Users/Mike/Documents/GitHub/stata-ctools/build"

. 
. * Moderate size test - 10M observations, 15 variables
. local nobs = 10000000

. local nvars = 15

. 
. set seed 12345

. set obs `nobs'
Number of observations (_N) was 0, now 10,000,000.

. 
. * sort_key is variable 1
. gen sort_key = ceil(runiform() * 1000000)

. 
. * 14 more columns
. forvalues i = 1/14 {
  2.     gen col`i' = runiform()
  3. }

. 
. di as text "Dataset: `nobs' obs, `nvars' vars"
Dataset: 10000000 obs, 15 vars

. 
. * Save original
. tempfile original

. save "`original'"
file /var/folders/5l/0w9hn2t9637147hqnm7bgk000000gn/T//St61837.000001 saved
    as .dta format

. 
. * Test 1: Standard csort
. di as text ""


. di as text "=== Standard csort ==="
=== Standard csort ===

. use "`original'", clear

. 
. timer clear 1

. timer on 1

. csort sort_key, timeit

-------------------------------------------------------
csort timing breakdown:
-------------------------------------------------------
  C plugin internals:
    Data load:                0.0888 sec
    Sort (compute order):     0.0721 sec
    Sort (apply permute):     0.1580 sec
    Data store:               0.0777 sec
    Memory cleanup:           0.0087 sec
  -----------------------------------------------------
    C plugin total:           0.4053 sec
  -----------------------------------------------------
  Stata overhead:
    Pre-plugin parsing:       0.0080 sec
    Plugin call overhead:    -0.0003 sec
    Post-plugin sort:         0.0820 sec
  -----------------------------------------------------
    Stata overhead total:     0.0897 sec
-------------------------------------------------------
    Wall clock total:         0.4950 sec
-------------------------------------------------------

. timer off 1

. 
. quietly timer list 1

. di as text "Total time: " as result %8.4f r(t1) " sec"
Total time:   0.4950 sec

. 
. tempfile standard_sorted

. save "`standard_sorted'"
file /var/folders/5l/0w9hn2t9637147hqnm7bgk000000gn/T//St61837.000002 saved
    as .dta format

. 
. * Test 2: Memeff csort
. di as text ""


. di as text "=== Memeff csort ==="
=== Memeff csort ===

. use "`original'", clear

. 
. timer clear 2

. timer on 2

. csort sort_key, timeit memeff

-------------------------------------------------------
csort timing breakdown (memory-efficient mode):
-------------------------------------------------------
  C plugin internals:
    Load key vars:            0.0389 sec
    Sort (compute order):     0.0686 sec
    Permute keys in C:        0.0424 sec
    Store sorted keys:        0.0271 sec
    Stream non-key vars:      1.7125 sec
  -----------------------------------------------------
    C plugin total:           1.8911 sec
  -----------------------------------------------------
  Stata overhead:
    Pre-plugin parsing:       0.0090 sec
    Plugin call overhead:    -0.0001 sec
    Post-plugin sort:         0.0810 sec
  -----------------------------------------------------
    Stata overhead total:     0.0899 sec
-------------------------------------------------------
    Wall clock total:         1.9810 sec
-------------------------------------------------------

. timer off 2

. 
. quietly timer list 2

. di as text "Total time: " as result %8.4f r(t2) " sec"
Total time:   1.9810 sec

. 
. * Compare
. di as text ""


. di as text "=== Comparing results ==="
=== Comparing results ===

. cf _all using "`standard_sorted'"

. if _rc == 0 {
.     di as result "PASS: memeff produces identical results"
PASS: memeff produces identical results
. }

. else {
.     di as error "FAIL: Results differ!"
. }

. 
end of do-file
